2025-09-29 09:49:23 - root - INFO - 應用程式啟動 - 版本 1.3.0
2025-09-29 09:49:23 - services.settings - INFO - 設定檔不存在，使用預設設定
2025-09-29 09:49:23 - services.settings - INFO - 設定檔不存在，使用預設設定
2025-09-29 09:49:23 - services.settings - INFO - 設定檔不存在，使用預設設定
2025-09-29 09:49:23 - services.settings - INFO - 設定檔不存在，使用預設設定
2025-09-29 09:49:31 - services.settings - INFO - 設定保存成功
2025-09-29 09:49:31 - root - INFO - 應用程式正常關閉
2025-09-29 09:49:34 - root - INFO - 應用程式啟動 - 版本 1.3.0
2025-09-29 09:49:34 - services.settings - INFO - 設定載入成功
2025-09-29 09:49:34 - services.settings - INFO - 設定載入成功
2025-09-29 09:49:34 - services.settings - INFO - 設定載入成功
2025-09-29 09:49:34 - services.settings - INFO - 設定載入成功
2025-09-29 09:50:08 - services.settings - INFO - 設定載入成功
2025-09-29 09:50:08 - services.settings - INFO - 設定保存成功
2025-09-29 09:50:12 - services.settings - INFO - 設定保存成功
2025-09-29 09:50:12 - root - INFO - 應用程式正常關閉
2025-09-29 09:50:18 - root - INFO - 應用程式啟動 - 版本 1.3.0
2025-09-29 09:50:18 - services.settings - INFO - 設定載入成功
2025-09-29 09:50:18 - services.settings - INFO - 設定載入成功
2025-09-29 09:50:18 - services.settings - INFO - 設定載入成功
2025-09-29 09:50:18 - services.settings - INFO - 設定載入成功
2025-09-29 09:50:26 - services.settings - INFO - 設定載入成功
2025-09-29 09:50:26 - services.settings - INFO - 設定保存成功
2025-09-29 09:51:59 - services.settings - INFO - 設定保存成功
2025-09-29 09:51:59 - root - INFO - 應用程式正常關閉
2025-09-29 10:27:27 - root - INFO - 應用程式啟動 - 版本 1.3.0
2025-09-29 10:27:28 - services.settings - INFO - 設定載入成功
2025-09-29 10:27:28 - services.settings - INFO - 設定載入成功
2025-09-29 10:27:28 - services.settings - INFO - 設定載入成功
2025-09-29 10:27:28 - services.settings - INFO - 設定載入成功
2025-09-29 10:27:56 - services.settings - INFO - 設定載入成功
2025-09-29 10:27:56 - services.settings - INFO - 設定保存成功
2025-09-29 10:28:00 - services.settings - INFO - 設定載入成功
2025-09-29 10:28:00 - services.settings - INFO - 設定保存成功
2025-09-29 10:32:55 - services.settings - INFO - 設定保存成功
2025-09-29 10:32:55 - root - INFO - 應用程式正常關閉
