2025-08-21 23:22:26 - root - INFO - 應用程式啟動 - 版本 1.0.0
2025-08-21 23:22:26 - services.ffmpeg_manager - WARNING - 未找到 FFmpeg
2025-08-21 23:29:18 - root - INFO - 應用程式啟動 - 版本 1.0.0
2025-08-21 23:29:18 - services.ffmpeg_manager - WARNING - 未找到 FFmpeg
2025-08-21 23:35:05 - root - INFO - 應用程式啟動 - 版本 1.0.0
2025-08-21 23:35:26 - root - INFO - 修復版應用程式啟動 - 版本 1.0.0
2025-08-21 23:35:26 - services.settings - INFO - 設定檔不存在，使用預設設定
2025-08-21 23:35:40 - services.settings - INFO - 設定保存成功
2025-08-21 23:35:40 - root - INFO - 修復版應用程式正常關閉
2025-08-21 23:36:14 - root - INFO - 應用程式啟動 - 版本 1.0.0
2025-08-21 23:42:30 - root - INFO - 應用程式啟動 - 版本 1.0.0
2025-08-21 23:43:37 - root - INFO - 應用程式啟動 - 版本 1.0.0
2025-08-21 23:45:11 - root - INFO - 應用程式啟動 - 版本 1.0.0
2025-09-29 08:18:51 - root - INFO - 應用程式啟動 - 版本 1.0.0
2025-09-29 08:20:00 - root - INFO - 應用程式啟動 - 版本 1.0.0
2025-09-29 08:20:25 - root - INFO - 應用程式啟動 - 版本 1.0.0
2025-09-29 08:20:34 - root - INFO - 應用程式啟動 - 版本 1.0.0
2025-09-29 08:20:34 - services.settings - INFO - 設定載入成功
2025-09-29 08:20:34 - services.history_store - INFO - 歷史記錄檔案不存在，返回空列表
2025-09-29 08:20:34 - services.history_store - INFO - 歷史記錄檔案不存在，返回空列表
2025-09-29 08:20:34 - services.settings - INFO - 設定載入成功
2025-09-29 08:21:00 - services.settings - INFO - 設定載入成功
2025-09-29 08:21:00 - services.settings - INFO - 設定保存成功
2025-09-29 08:21:09 - services.settings - INFO - 設定載入成功
2025-09-29 08:21:09 - services.settings - INFO - 設定保存成功
2025-09-29 08:21:16 - services.settings - INFO - 設定載入成功
2025-09-29 08:21:16 - services.settings - INFO - 設定保存成功
2025-09-29 08:21:16 - services.settings - INFO - 設定載入成功
2025-09-29 08:21:16 - services.settings - INFO - 設定保存成功
2025-09-29 08:21:16 - services.settings - INFO - 設定載入成功
2025-09-29 08:21:16 - services.settings - INFO - 設定保存成功
2025-09-29 08:21:16 - services.settings - INFO - 設定載入成功
2025-09-29 08:21:16 - services.settings - INFO - 設定保存成功
2025-09-29 08:21:16 - services.settings - INFO - 設定載入成功
2025-09-29 08:21:16 - services.settings - INFO - 設定保存成功
2025-09-29 08:21:17 - services.settings - INFO - 設定載入成功
2025-09-29 08:21:17 - services.settings - INFO - 設定保存成功
2025-09-29 08:21:17 - services.settings - INFO - 設定載入成功
2025-09-29 08:21:17 - services.settings - INFO - 設定保存成功
2025-09-29 08:21:25 - services.settings - INFO - 設定載入成功
2025-09-29 08:21:25 - services.settings - INFO - 設定保存成功
2025-09-29 08:21:25 - services.settings - INFO - 設定載入成功
2025-09-29 08:21:25 - services.settings - INFO - 設定保存成功
2025-09-29 08:21:26 - services.settings - INFO - 設定載入成功
2025-09-29 08:21:26 - services.settings - INFO - 設定保存成功
2025-09-29 08:21:32 - services.settings - INFO - 設定載入成功
2025-09-29 08:21:32 - services.settings - INFO - 設定保存成功
2025-09-29 08:21:32 - services.settings - INFO - 設定載入成功
2025-09-29 08:21:32 - services.settings - INFO - 設定保存成功
2025-09-29 08:21:32 - services.settings - INFO - 設定載入成功
2025-09-29 08:21:32 - services.settings - INFO - 設定保存成功
2025-09-29 08:21:33 - services.settings - INFO - 設定保存成功
2025-09-29 08:21:33 - root - INFO - 應用程式正常關閉
2025-09-29 08:21:49 - root - INFO - 應用程式啟動 - 版本 1.0.0
2025-09-29 08:21:49 - services.settings - INFO - 設定載入成功
2025-09-29 08:21:49 - services.history_store - INFO - 歷史記錄檔案不存在，返回空列表
2025-09-29 08:21:49 - services.history_store - INFO - 歷史記錄檔案不存在，返回空列表
2025-09-29 08:21:49 - services.settings - INFO - 設定載入成功
2025-09-29 08:21:58 - services.settings - INFO - 設定載入成功
2025-09-29 08:21:58 - services.settings - INFO - 設定保存成功
2025-09-29 08:22:11 - services.settings - INFO - 設定載入成功
2025-09-29 08:22:11 - services.settings - INFO - 設定保存成功
2025-09-29 08:22:17 - services.settings - INFO - 設定載入成功
2025-09-29 08:22:17 - services.settings - INFO - 設定保存成功
2025-09-29 08:22:22 - services.settings - INFO - 設定保存成功
2025-09-29 08:22:22 - root - ERROR - 關閉時發生錯誤: 'DownloadTab' object has no attribute 'current_task'
2025-09-29 08:22:32 - root - INFO - 應用程式啟動 - 版本 1.0.0
2025-09-29 08:22:32 - services.settings - INFO - 設定載入成功
2025-09-29 08:22:32 - services.history_store - INFO - 歷史記錄檔案不存在，返回空列表
2025-09-29 08:22:32 - services.history_store - INFO - 歷史記錄檔案不存在，返回空列表
2025-09-29 08:22:32 - services.settings - INFO - 設定載入成功
2025-09-29 08:22:39 - services.settings - INFO - 設定載入成功
2025-09-29 08:22:39 - services.settings - INFO - 設定保存成功
2025-09-29 08:22:58 - root - INFO - 應用程式啟動 - 版本 1.0.0
2025-09-29 08:22:58 - services.settings - INFO - 設定載入成功
2025-09-29 08:22:58 - services.history_store - INFO - 歷史記錄檔案不存在，返回空列表
2025-09-29 08:22:58 - services.history_store - INFO - 歷史記錄檔案不存在，返回空列表
2025-09-29 08:22:58 - services.settings - INFO - 設定載入成功
2025-09-29 08:23:02 - services.settings - INFO - 設定載入成功
2025-09-29 08:23:02 - services.settings - INFO - 設定保存成功
2025-09-29 08:23:26 - services.settings - INFO - 設定載入成功
2025-09-29 08:23:26 - services.settings - INFO - 設定保存成功
2025-09-29 08:23:28 - services.settings - INFO - 設定保存成功
2025-09-29 08:23:28 - root - INFO - 應用程式正常關閉
2025-09-29 08:23:47 - services.settings - INFO - 設定保存成功
2025-09-29 08:23:47 - root - INFO - 應用程式正常關閉
2025-09-29 08:24:56 - root - INFO - 應用程式啟動 - 版本 1.0.0
2025-09-29 08:24:56 - services.settings - INFO - 設定載入成功
2025-09-29 08:24:56 - services.history_store - INFO - 歷史記錄檔案不存在，返回空列表
2025-09-29 08:24:56 - services.history_store - INFO - 歷史記錄檔案不存在，返回空列表
2025-09-29 08:24:56 - services.settings - INFO - 設定載入成功
2025-09-29 08:25:08 - services.settings - INFO - 設定載入成功
2025-09-29 08:25:08 - services.settings - INFO - 設定保存成功
2025-09-29 08:25:39 - services.settings - INFO - 設定保存成功
2025-09-29 08:25:39 - root - INFO - 應用程式正常關閉
2025-09-29 08:25:48 - root - INFO - 應用程式啟動 - 版本 1.0.0
2025-09-29 08:25:48 - services.settings - INFO - 設定載入成功
2025-09-29 08:25:48 - services.history_store - INFO - 歷史記錄檔案不存在，返回空列表
2025-09-29 08:25:48 - services.history_store - INFO - 歷史記錄檔案不存在，返回空列表
2025-09-29 08:25:48 - services.settings - INFO - 設定載入成功
2025-09-29 08:27:06 - services.settings - INFO - 設定載入成功
2025-09-29 08:27:06 - services.settings - INFO - 設定保存成功
2025-09-29 08:30:33 - services.settings - INFO - 設定載入成功
2025-09-29 08:30:33 - services.settings - INFO - 設定保存成功
2025-09-29 08:30:53 - services.settings - INFO - 設定載入成功
2025-09-29 08:30:53 - services.settings - INFO - 設定保存成功
2025-09-29 08:32:50 - services.settings - INFO - 設定保存成功
2025-09-29 08:32:50 - root - INFO - 應用程式正常關閉
2025-09-29 08:33:52 - root - INFO - 應用程式啟動 - 版本 1.0.0
2025-09-29 08:33:52 - services.settings - INFO - 設定載入成功
2025-09-29 08:33:52 - services.history_store - INFO - 歷史記錄檔案不存在，返回空列表
2025-09-29 08:33:52 - services.history_store - INFO - 歷史記錄檔案不存在，返回空列表
2025-09-29 08:33:52 - services.settings - INFO - 設定載入成功
2025-09-29 08:34:47 - services.settings - INFO - 設定載入成功
2025-09-29 08:34:47 - services.settings - INFO - 設定保存成功
2025-09-29 08:34:57 - services.settings - INFO - 設定載入成功
2025-09-29 08:34:57 - services.settings - INFO - 設定保存成功
2025-09-29 08:35:06 - services.settings - INFO - 設定載入成功
2025-09-29 08:35:06 - services.settings - INFO - 設定保存成功
2025-09-29 08:35:11 - services.settings - INFO - 設定載入成功
2025-09-29 08:35:11 - services.settings - INFO - 設定保存成功
2025-09-29 08:35:22 - services.settings - INFO - 設定保存成功
2025-09-29 08:35:22 - root - INFO - 應用程式正常關閉
2025-09-29 08:35:45 - root - INFO - 應用程式啟動 - 版本 1.0.0
2025-09-29 08:35:45 - services.settings - INFO - 設定載入成功
2025-09-29 08:35:45 - services.history_store - INFO - 歷史記錄檔案不存在，返回空列表
2025-09-29 08:35:45 - services.history_store - INFO - 歷史記錄檔案不存在，返回空列表
2025-09-29 08:35:45 - services.settings - INFO - 設定載入成功
2025-09-29 08:35:49 - services.settings - INFO - 設定載入成功
2025-09-29 08:35:49 - services.settings - INFO - 設定保存成功
2025-09-29 08:36:56 - services.settings - INFO - 設定載入成功
2025-09-29 08:36:56 - services.settings - INFO - 設定保存成功
2025-09-29 08:37:16 - root - INFO - 應用程式啟動 - 版本 1.0.0
2025-09-29 08:37:16 - services.settings - INFO - 設定載入成功
2025-09-29 08:37:16 - services.history_store - INFO - 歷史記錄檔案不存在，返回空列表
2025-09-29 08:37:16 - services.history_store - INFO - 歷史記錄檔案不存在，返回空列表
2025-09-29 08:37:16 - services.settings - INFO - 設定載入成功
2025-09-29 08:37:19 - services.settings - INFO - 設定載入成功
2025-09-29 08:37:19 - services.settings - INFO - 設定保存成功
2025-09-29 08:37:29 - services.settings - INFO - 設定載入成功
2025-09-29 08:37:29 - services.settings - INFO - 設定保存成功
2025-09-29 08:37:58 - services.settings - INFO - 設定載入成功
2025-09-29 08:37:58 - services.settings - INFO - 設定保存成功
2025-09-29 08:38:44 - services.settings - INFO - 設定保存成功
2025-09-29 08:38:44 - root - INFO - 應用程式正常關閉
2025-09-29 08:38:47 - services.settings - INFO - 設定載入成功
2025-09-29 08:38:47 - services.settings - INFO - 設定保存成功
2025-09-29 08:38:52 - services.settings - INFO - 設定保存成功
2025-09-29 08:38:52 - root - INFO - 應用程式正常關閉
2025-09-29 08:39:25 - root - INFO - 應用程式啟動 - 版本 1.0.0
2025-09-29 08:39:26 - services.settings - INFO - 設定載入成功
2025-09-29 08:39:26 - services.history_store - INFO - 歷史記錄檔案不存在，返回空列表
2025-09-29 08:39:26 - services.history_store - INFO - 歷史記錄檔案不存在，返回空列表
2025-09-29 08:39:26 - services.settings - INFO - 設定載入成功
2025-09-29 08:57:18 - services.settings - INFO - 設定載入成功
2025-09-29 08:57:18 - services.settings - INFO - 設定保存成功
2025-09-29 08:57:30 - services.settings - INFO - 設定載入成功
2025-09-29 08:57:30 - services.settings - INFO - 設定保存成功
2025-09-29 08:57:57 - services.settings - INFO - 設定載入成功
2025-09-29 08:57:57 - services.settings - INFO - 設定保存成功
2025-09-29 08:58:06 - services.settings - INFO - 設定保存成功
2025-09-29 08:58:06 - root - INFO - 應用程式正常關閉
2025-09-29 09:00:37 - root - INFO - 應用程式啟動 - 版本 1.0.0
2025-09-29 09:00:38 - services.settings - INFO - 設定載入成功
2025-09-29 09:00:38 - services.history_store - INFO - 歷史記錄檔案不存在，返回空列表
2025-09-29 09:00:38 - services.history_store - INFO - 歷史記錄檔案不存在，返回空列表
2025-09-29 09:00:38 - services.settings - INFO - 設定載入成功
2025-09-29 09:01:35 - services.settings - INFO - 設定載入成功
2025-09-29 09:01:35 - services.settings - INFO - 設定保存成功
2025-09-29 09:01:37 - services.settings - INFO - 設定載入成功
2025-09-29 09:01:37 - services.settings - INFO - 設定保存成功
2025-09-29 09:01:38 - services.settings - INFO - 設定載入成功
2025-09-29 09:01:38 - services.settings - INFO - 設定保存成功
2025-09-29 09:01:38 - services.settings - INFO - 設定載入成功
2025-09-29 09:01:38 - services.settings - INFO - 設定保存成功
2025-09-29 09:01:38 - services.settings - INFO - 設定載入成功
2025-09-29 09:01:38 - services.settings - INFO - 設定保存成功
2025-09-29 09:01:38 - services.settings - INFO - 設定載入成功
2025-09-29 09:01:38 - services.settings - INFO - 設定保存成功
2025-09-29 09:02:04 - services.settings - INFO - 設定保存成功
2025-09-29 09:02:04 - root - INFO - 應用程式正常關閉
2025-09-29 09:02:10 - root - INFO - 應用程式啟動 - 版本 1.0.0
2025-09-29 09:02:10 - services.settings - INFO - 設定載入成功
2025-09-29 09:02:10 - services.history_store - INFO - 歷史記錄檔案不存在，返回空列表
2025-09-29 09:02:10 - services.history_store - INFO - 歷史記錄檔案不存在，返回空列表
2025-09-29 09:02:10 - services.settings - INFO - 設定載入成功
2025-09-29 09:03:39 - services.settings - INFO - 設定載入成功
2025-09-29 09:03:39 - services.settings - INFO - 設定保存成功
2025-09-29 09:03:51 - services.settings - INFO - 設定載入成功
2025-09-29 09:03:51 - services.settings - INFO - 設定保存成功
2025-09-29 09:03:56 - services.settings - INFO - 設定保存成功
2025-09-29 09:03:56 - root - INFO - 應用程式正常關閉
2025-09-29 09:08:50 - root - INFO - 應用程式啟動 - 版本 1.0.0
2025-09-29 09:08:50 - services.settings - INFO - 設定載入成功
2025-09-29 09:08:50 - services.history_store - INFO - 歷史記錄檔案不存在，返回空列表
2025-09-29 09:08:50 - services.history_store - INFO - 歷史記錄檔案不存在，返回空列表
2025-09-29 09:08:50 - services.settings - INFO - 設定載入成功
2025-09-29 09:09:00 - services.settings - INFO - 設定保存成功
2025-09-29 09:09:00 - root - INFO - 應用程式正常關閉
2025-09-29 09:09:03 - root - INFO - 應用程式啟動 - 版本 1.0.0
2025-09-29 09:09:03 - services.settings - INFO - 設定載入成功
2025-09-29 09:09:03 - services.history_store - INFO - 歷史記錄檔案不存在，返回空列表
2025-09-29 09:09:03 - services.history_store - INFO - 歷史記錄檔案不存在，返回空列表
2025-09-29 09:09:03 - services.settings - INFO - 設定載入成功
2025-09-29 09:09:11 - services.settings - INFO - 設定載入成功
2025-09-29 09:09:11 - services.settings - INFO - 設定保存成功
2025-09-29 09:10:13 - services.settings - INFO - 設定載入成功
2025-09-29 09:10:13 - services.settings - INFO - 設定保存成功
2025-09-29 09:10:52 - services.settings - INFO - 設定保存成功
2025-09-29 09:10:52 - root - INFO - 應用程式正常關閉
2025-09-29 09:13:03 - root - INFO - 應用程式啟動 - 版本 1.0.0
2025-09-29 09:13:03 - services.settings - INFO - 設定載入成功
2025-09-29 09:13:03 - services.history_store - INFO - 歷史記錄檔案不存在，返回空列表
2025-09-29 09:13:03 - services.history_store - INFO - 歷史記錄檔案不存在，返回空列表
2025-09-29 09:13:03 - services.settings - INFO - 設定載入成功
2025-09-29 09:13:36 - services.settings - INFO - 設定載入成功
2025-09-29 09:13:36 - services.settings - INFO - 設定保存成功
2025-09-29 09:13:58 - services.settings - INFO - 設定保存成功
2025-09-29 09:13:58 - root - INFO - 應用程式正常關閉
2025-09-29 09:15:05 - root - INFO - 應用程式啟動 - 版本 1.0.0
2025-09-29 09:15:05 - services.settings - INFO - 設定載入成功
2025-09-29 09:15:05 - services.history_store - INFO - 歷史記錄檔案不存在，返回空列表
2025-09-29 09:15:05 - services.history_store - INFO - 歷史記錄檔案不存在，返回空列表
2025-09-29 09:15:05 - services.settings - INFO - 設定載入成功
2025-09-29 09:15:37 - services.settings - INFO - 設定載入成功
2025-09-29 09:15:37 - services.settings - INFO - 設定保存成功
2025-09-29 09:17:26 - services.settings - INFO - 設定保存成功
2025-09-29 09:17:26 - root - INFO - 應用程式正常關閉
2025-09-29 09:17:52 - root - INFO - 應用程式啟動 - 版本 1.0.0
2025-09-29 09:17:52 - services.settings - INFO - 設定載入成功
2025-09-29 09:17:52 - services.history_store - INFO - 歷史記錄檔案不存在，返回空列表
2025-09-29 09:17:52 - services.history_store - INFO - 歷史記錄檔案不存在，返回空列表
2025-09-29 09:17:52 - services.settings - INFO - 設定載入成功
2025-09-29 09:19:15 - services.settings - INFO - 設定載入成功
2025-09-29 09:19:15 - services.settings - INFO - 設定保存成功
2025-09-29 09:21:57 - services.settings - INFO - 設定載入成功
2025-09-29 09:21:57 - services.settings - INFO - 設定保存成功
2025-09-29 09:22:34 - root - INFO - 應用程式啟動 - 版本 1.0.0
2025-09-29 09:22:34 - services.settings - INFO - 設定載入成功
2025-09-29 09:22:34 - services.history_store - INFO - 歷史記錄檔案不存在，返回空列表
2025-09-29 09:22:34 - services.history_store - INFO - 歷史記錄檔案不存在，返回空列表
2025-09-29 09:22:34 - services.settings - INFO - 設定載入成功
2025-09-29 09:23:06 - services.settings - INFO - 設定保存成功
2025-09-29 09:23:06 - root - INFO - 應用程式正常關閉
2025-09-29 09:23:07 - services.settings - INFO - 設定保存成功
2025-09-29 09:23:07 - root - INFO - 應用程式正常關閉
2025-09-29 09:23:14 - root - INFO - 應用程式啟動 - 版本 1.0.0
2025-09-29 09:23:14 - services.settings - INFO - 設定載入成功
2025-09-29 09:23:14 - services.history_store - INFO - 歷史記錄檔案不存在，返回空列表
2025-09-29 09:23:14 - services.history_store - INFO - 歷史記錄檔案不存在，返回空列表
2025-09-29 09:23:14 - services.settings - INFO - 設定載入成功
2025-09-29 09:23:36 - services.settings - INFO - 設定載入成功
2025-09-29 09:23:36 - services.settings - INFO - 設定保存成功
2025-09-29 09:25:28 - services.settings - INFO - 設定載入成功
2025-09-29 09:25:28 - services.settings - INFO - 設定保存成功
2025-09-29 09:27:23 - root - INFO - 應用程式啟動 - 版本 1.0.0
2025-09-29 09:27:23 - services.settings - INFO - 設定載入成功
2025-09-29 09:27:24 - services.history_store - INFO - 歷史記錄檔案不存在，返回空列表
2025-09-29 09:27:24 - services.history_store - INFO - 歷史記錄檔案不存在，返回空列表
2025-09-29 09:27:24 - services.settings - INFO - 設定載入成功
2025-09-29 09:27:49 - services.settings - INFO - 設定載入成功
2025-09-29 09:27:49 - services.settings - INFO - 設定保存成功
2025-09-29 09:28:45 - services.settings - INFO - 設定保存成功
2025-09-29 09:28:45 - root - INFO - 應用程式正常關閉
2025-09-29 09:28:48 - services.settings - INFO - 設定保存成功
2025-09-29 09:28:48 - root - INFO - 應用程式正常關閉
2025-09-29 09:29:43 - root - INFO - 應用程式啟動 - 版本 1.0.0
2025-09-29 09:29:43 - services.settings - INFO - 設定載入成功
2025-09-29 09:29:43 - services.history_store - INFO - 歷史記錄檔案不存在，返回空列表
2025-09-29 09:29:43 - services.history_store - INFO - 歷史記錄檔案不存在，返回空列表
2025-09-29 09:29:43 - services.settings - INFO - 設定載入成功
2025-09-29 09:31:30 - services.settings - INFO - 設定載入成功
2025-09-29 09:31:30 - services.settings - INFO - 設定保存成功
2025-09-29 09:31:56 - services.settings - INFO - 設定載入成功
2025-09-29 09:31:56 - services.settings - INFO - 設定保存成功
2025-09-29 09:32:30 - services.settings - INFO - 設定載入成功
2025-09-29 09:32:30 - services.settings - INFO - 設定保存成功
2025-09-29 09:33:12 - services.settings - INFO - 設定保存成功
2025-09-29 09:33:12 - root - INFO - 應用程式正常關閉
2025-09-29 09:42:50 - root - INFO - 應用程式啟動 - 版本 1.3.0
2025-09-29 09:42:50 - services.settings - INFO - 設定載入成功
2025-09-29 09:42:50 - services.settings - INFO - 設定載入成功
2025-09-29 09:42:50 - services.history_store - INFO - 歷史記錄檔案不存在，返回空列表
2025-09-29 09:42:50 - services.history_store - INFO - 歷史記錄檔案不存在，返回空列表
2025-09-29 09:42:50 - services.settings - INFO - 設定載入成功
2025-09-29 09:42:50 - services.settings - INFO - 設定載入成功
2025-09-29 09:43:13 - services.settings - INFO - 設定載入成功
2025-09-29 09:43:13 - services.settings - INFO - 設定保存成功
2025-09-29 09:43:25 - services.settings - INFO - 設定載入成功
2025-09-29 09:43:25 - services.settings - INFO - 設定保存成功
2025-09-29 09:43:32 - services.settings - INFO - 設定載入成功
2025-09-29 09:43:32 - services.settings - INFO - 設定保存成功
2025-09-29 09:45:00 - services.settings - INFO - 設定保存成功
2025-09-29 09:45:00 - root - INFO - 應用程式正常關閉
2025-09-29 09:51:46 - root - INFO - 應用程式啟動 - 版本 1.3.0
2025-09-29 09:51:46 - services.settings - INFO - 設定載入成功
2025-09-29 09:51:46 - services.settings - INFO - 設定載入成功
2025-09-29 09:51:46 - services.settings - INFO - 設定載入成功
2025-09-29 09:51:46 - services.settings - INFO - 設定載入成功
2025-09-29 09:51:56 - services.settings - INFO - 設定保存成功
2025-09-29 09:51:56 - root - INFO - 應用程式正常關閉
2025-10-06 22:07:48 - root - INFO - 應用程式啟動 - 版本 1.3.0
2025-10-06 22:07:48 - services.settings - INFO - 設定載入成功
2025-10-06 22:07:48 - services.settings - INFO - 設定載入成功
2025-10-06 22:07:49 - services.settings - INFO - 設定載入成功
2025-10-06 22:07:49 - services.settings - INFO - 設定載入成功
2025-10-06 22:08:07 - services.settings - INFO - 設定載入成功
2025-10-06 22:08:07 - services.settings - INFO - 設定保存成功
2025-10-06 22:08:10 - services.settings - INFO - 設定保存成功
2025-10-06 22:08:10 - root - INFO - 應用程式正常關閉
2025-10-06 22:08:12 - root - INFO - 應用程式啟動 - 版本 1.3.0
2025-10-06 22:08:12 - services.settings - INFO - 設定載入成功
2025-10-06 22:08:12 - services.settings - INFO - 設定載入成功
2025-10-06 22:08:12 - services.settings - INFO - 設定載入成功
2025-10-06 22:08:12 - services.settings - INFO - 設定載入成功
2025-10-06 22:11:23 - services.settings - INFO - 設定保存成功
2025-10-06 22:11:23 - root - INFO - 應用程式正常關閉
2025-10-06 22:34:39 - root - INFO - 應用程式啟動 - 版本 1.3.0
2025-10-06 22:34:39 - services.settings - INFO - 設定載入成功
2025-10-06 22:34:39 - services.settings - INFO - 設定載入成功
2025-10-06 22:34:39 - services.settings - INFO - 設定載入成功
2025-10-06 22:34:39 - services.settings - INFO - 設定載入成功
2025-10-06 22:34:57 - services.settings - INFO - 設定載入成功
2025-10-06 22:34:57 - services.settings - INFO - 設定保存成功
2025-10-06 22:35:03 - services.settings - INFO - 設定保存成功
2025-10-06 22:35:03 - root - INFO - 應用程式正常關閉
2025-10-06 22:40:14 - root - INFO - 應用程式啟動 - 版本 1.3.0
2025-10-06 22:40:14 - services.settings - INFO - 設定載入成功
2025-10-06 22:40:14 - services.settings - INFO - 設定載入成功
2025-10-06 22:40:14 - services.settings - INFO - 設定載入成功
2025-10-06 22:40:14 - services.settings - INFO - 設定載入成功
2025-10-06 22:40:20 - services.settings - INFO - 設定保存成功
2025-10-06 22:40:20 - root - INFO - 應用程式正常關閉
2025-10-06 22:41:31 - root - INFO - 應用程式啟動 - 版本 1.3.0
2025-10-06 22:41:31 - services.settings - INFO - 設定載入成功
2025-10-06 22:41:31 - services.settings - INFO - 設定載入成功
2025-10-06 22:41:31 - services.settings - INFO - 設定載入成功
2025-10-06 22:41:31 - services.settings - INFO - 設定載入成功
2025-10-06 22:41:36 - services.settings - INFO - 設定保存成功
2025-10-06 22:41:36 - root - INFO - 應用程式正常關閉
2025-10-06 22:41:45 - root - INFO - 應用程式啟動 - 版本 1.3.0
2025-10-06 22:41:45 - services.settings - INFO - 設定載入成功
2025-10-06 22:41:45 - services.settings - INFO - 設定載入成功
2025-10-06 22:41:45 - services.settings - INFO - 設定載入成功
2025-10-06 22:41:45 - services.settings - INFO - 設定載入成功
2025-10-06 22:41:48 - services.settings - INFO - 設定保存成功
2025-10-06 22:41:48 - root - INFO - 應用程式正常關閉
2025-10-06 22:41:50 - root - INFO - 應用程式啟動 - 版本 1.3.0
2025-10-06 22:41:50 - services.settings - INFO - 設定載入成功
2025-10-06 22:41:50 - services.settings - INFO - 設定載入成功
2025-10-06 22:41:50 - services.settings - INFO - 設定載入成功
2025-10-06 22:41:50 - services.settings - INFO - 設定載入成功
2025-10-06 22:41:56 - services.settings - INFO - 設定保存成功
2025-10-06 22:41:56 - root - INFO - 應用程式正常關閉
2025-10-06 22:45:57 - root - INFO - 應用程式啟動 - 版本 1.3.0
2025-10-06 22:45:57 - services.settings - INFO - 設定載入成功
2025-10-06 22:45:57 - services.settings - INFO - 設定載入成功
2025-10-06 22:45:57 - services.settings - INFO - 設定載入成功
2025-10-06 22:47:05 - services.settings - INFO - 設定載入成功
2025-10-06 22:47:05 - services.settings - INFO - 設定保存成功
2025-10-06 22:50:39 - services.settings - INFO - 設定保存成功
2025-10-06 22:50:39 - root - INFO - 應用程式正常關閉
2025-10-06 22:54:52 - root - INFO - 應用程式啟動 - 版本 1.3.0
2025-10-06 22:54:52 - services.settings - INFO - 設定載入成功
2025-10-06 22:54:52 - services.settings - INFO - 設定載入成功
2025-10-06 22:54:52 - services.settings - INFO - 設定載入成功
2025-10-06 22:55:10 - services.settings - INFO - 設定載入成功
2025-10-06 22:55:10 - services.settings - INFO - 設定保存成功
2025-10-06 22:58:13 - services.settings - INFO - 設定保存成功
2025-10-06 22:58:13 - root - INFO - 應用程式正常關閉
2025-10-06 23:00:02 - root - INFO - 應用程式啟動 - 版本 1.3.0
2025-10-06 23:00:02 - services.settings - INFO - 設定載入成功
2025-10-06 23:00:02 - services.settings - INFO - 設定載入成功
2025-10-06 23:00:02 - services.settings - INFO - 設定載入成功
2025-10-06 23:00:29 - services.settings - INFO - 設定載入成功
2025-10-06 23:00:30 - services.settings - INFO - 設定保存成功
2025-10-06 23:00:33 - services.settings - INFO - 設定保存成功
2025-10-06 23:00:33 - root - INFO - 應用程式正常關閉
2025-10-06 23:00:37 - root - INFO - 應用程式啟動 - 版本 2.5.0
2025-10-06 23:00:37 - services.settings - INFO - 設定載入成功
2025-10-06 23:00:37 - services.settings - INFO - 設定載入成功
2025-10-06 23:00:37 - services.settings - INFO - 設定載入成功
2025-10-06 23:01:26 - services.settings - INFO - 設定保存成功
2025-10-06 23:01:26 - root - INFO - 應用程式正常關閉
2025-10-06 23:05:13 - root - INFO - 應用程式啟動 - 版本 2.5.0
2025-10-06 23:05:14 - services.settings - INFO - 設定載入成功
2025-10-06 23:05:14 - services.settings - INFO - 設定載入成功
2025-10-06 23:05:14 - services.settings - INFO - 設定載入成功
2025-10-06 23:05:16 - services.settings - INFO - 設定保存成功
2025-10-06 23:05:16 - root - INFO - 應用程式正常關閉
2025-10-06 23:21:41 - root - INFO - 應用程式啟動 - 版本 2.5.0
2025-10-06 23:21:41 - services.settings - INFO - 設定載入成功
2025-10-06 23:21:41 - services.settings - INFO - 設定載入成功
2025-10-06 23:21:41 - services.settings - INFO - 設定載入成功
2025-10-06 23:21:44 - services.settings - INFO - 設定保存成功
2025-10-06 23:21:44 - root - INFO - 應用程式正常關閉
2025-10-06 23:29:53 - root - INFO - 應用程式啟動 - 版本 2.5.0
2025-10-06 23:29:53 - services.settings - INFO - 設定載入成功
2025-10-06 23:29:53 - services.settings - INFO - 設定載入成功
2025-10-06 23:29:53 - services.settings - INFO - 設定保存成功
2025-10-06 23:29:53 - services.settings - INFO - 設定載入成功
2025-10-06 23:29:53 - services.settings - INFO - 設定保存成功
2025-10-06 23:29:53 - services.settings - INFO - 設定載入成功
2025-10-06 23:29:53 - services.settings - INFO - 設定保存成功
2025-10-06 23:29:53 - services.settings - INFO - 設定載入成功
2025-10-06 23:29:53 - services.settings - INFO - 設定保存成功
2025-10-06 23:29:53 - services.settings - INFO - 設定載入成功
2025-10-06 23:29:53 - services.settings - INFO - 設定保存成功
2025-10-06 23:29:53 - services.settings - INFO - 設定載入成功
2025-10-06 23:29:53 - services.settings - INFO - 設定保存成功
2025-10-06 23:29:53 - services.settings - INFO - 設定載入成功
2025-10-06 23:29:53 - services.settings - INFO - 設定保存成功
2025-10-06 23:29:53 - services.settings - INFO - 設定載入成功
2025-10-06 23:29:53 - services.settings - INFO - 設定載入成功
2025-10-06 23:29:53 - services.settings - INFO - 設定保存成功
2025-10-06 23:29:55 - services.settings - INFO - 設定載入成功
2025-10-06 23:29:55 - services.settings - INFO - 設定保存成功
2025-10-06 23:29:56 - services.settings - INFO - 設定載入成功
2025-10-06 23:29:56 - services.settings - INFO - 設定保存成功
2025-10-06 23:29:56 - services.settings - INFO - 設定載入成功
2025-10-06 23:29:56 - services.settings - INFO - 設定保存成功
2025-10-06 23:29:56 - services.settings - INFO - 設定載入成功
2025-10-06 23:30:00 - services.settings - INFO - 設定保存成功
2025-10-06 23:30:00 - root - INFO - 應用程式正常關閉
2025-10-06 23:30:02 - root - INFO - 應用程式啟動 - 版本 2.5.0
2025-10-06 23:30:02 - services.settings - INFO - 設定載入成功
2025-10-06 23:30:02 - services.settings - INFO - 設定載入成功
2025-10-06 23:30:02 - services.settings - INFO - 設定保存成功
2025-10-06 23:30:02 - services.settings - INFO - 設定載入成功
2025-10-06 23:30:02 - services.settings - INFO - 設定保存成功
2025-10-06 23:30:02 - services.settings - INFO - 設定載入成功
2025-10-06 23:30:02 - services.settings - INFO - 設定保存成功
2025-10-06 23:30:02 - services.settings - INFO - 設定載入成功
2025-10-06 23:30:02 - services.settings - INFO - 設定保存成功
2025-10-06 23:30:02 - services.settings - INFO - 設定載入成功
2025-10-06 23:30:02 - services.settings - INFO - 設定保存成功
2025-10-06 23:30:02 - services.settings - INFO - 設定載入成功
2025-10-06 23:30:02 - services.settings - INFO - 設定保存成功
2025-10-06 23:30:02 - services.settings - INFO - 設定載入成功
2025-10-06 23:30:02 - services.settings - INFO - 設定保存成功
2025-10-06 23:30:02 - services.settings - INFO - 設定載入成功
2025-10-06 23:30:02 - services.settings - INFO - 設定載入成功
2025-10-06 23:30:02 - services.settings - INFO - 設定保存成功
2025-10-06 23:30:04 - services.settings - INFO - 設定載入成功
2025-10-06 23:30:04 - services.settings - INFO - 設定保存成功
2025-10-06 23:30:05 - services.settings - INFO - 設定載入成功
2025-10-06 23:30:05 - services.settings - INFO - 設定保存成功
2025-10-06 23:30:05 - services.settings - INFO - 設定載入成功
2025-10-06 23:30:05 - services.settings - INFO - 設定保存成功
2025-10-06 23:30:06 - services.settings - INFO - 設定載入成功
2025-10-06 23:30:31 - services.settings - INFO - 設定載入成功
2025-10-06 23:30:31 - services.settings - INFO - 設定保存成功
2025-10-06 23:30:35 - services.settings - INFO - 設定載入成功
2025-10-06 23:30:35 - services.settings - INFO - 設定保存成功
2025-10-06 23:30:36 - services.settings - INFO - 設定保存成功
2025-10-06 23:30:36 - root - INFO - 應用程式正常關閉
2025-10-06 23:30:39 - root - INFO - 應用程式啟動 - 版本 2.5.0
2025-10-06 23:30:39 - services.settings - INFO - 設定載入成功
2025-10-06 23:30:39 - services.settings - INFO - 設定載入成功
2025-10-06 23:30:39 - services.settings - INFO - 設定保存成功
2025-10-06 23:30:39 - services.settings - INFO - 設定載入成功
2025-10-06 23:30:39 - services.settings - INFO - 設定保存成功
2025-10-06 23:30:39 - services.settings - INFO - 設定載入成功
2025-10-06 23:30:39 - services.settings - INFO - 設定保存成功
2025-10-06 23:30:39 - services.settings - INFO - 設定載入成功
2025-10-06 23:30:39 - services.settings - INFO - 設定保存成功
2025-10-06 23:30:39 - services.settings - INFO - 設定載入成功
2025-10-06 23:30:39 - services.settings - INFO - 設定保存成功
2025-10-06 23:30:39 - services.settings - INFO - 設定載入成功
2025-10-06 23:30:39 - services.settings - INFO - 設定保存成功
2025-10-06 23:30:39 - services.settings - INFO - 設定載入成功
2025-10-06 23:30:39 - services.settings - INFO - 設定保存成功
2025-10-06 23:30:39 - services.settings - INFO - 設定載入成功
2025-10-06 23:30:39 - services.settings - INFO - 設定載入成功
2025-10-06 23:30:39 - services.settings - INFO - 設定保存成功
2025-10-06 23:30:40 - services.settings - INFO - 設定載入成功
2025-10-06 23:30:40 - services.settings - INFO - 設定保存成功
2025-10-06 23:30:41 - services.settings - INFO - 設定載入成功
2025-10-06 23:30:41 - services.settings - INFO - 設定保存成功
2025-10-06 23:30:41 - services.settings - INFO - 設定載入成功
2025-10-06 23:30:41 - services.settings - INFO - 設定保存成功
2025-10-06 23:30:42 - services.settings - INFO - 設定載入成功
2025-10-06 23:31:46 - services.settings - INFO - 設定保存成功
2025-10-06 23:31:46 - root - INFO - 應用程式正常關閉
2025-10-06 23:31:51 - root - INFO - 應用程式啟動 - 版本 2.5.0
2025-10-06 23:31:51 - services.settings - INFO - 設定載入成功
2025-10-06 23:31:51 - services.settings - INFO - 設定載入成功
2025-10-06 23:31:51 - services.settings - INFO - 設定保存成功
2025-10-06 23:31:51 - services.settings - INFO - 設定載入成功
2025-10-06 23:31:51 - services.settings - INFO - 設定保存成功
2025-10-06 23:31:51 - services.settings - INFO - 設定載入成功
2025-10-06 23:31:51 - services.settings - INFO - 設定保存成功
2025-10-06 23:31:51 - services.settings - INFO - 設定載入成功
2025-10-06 23:31:51 - services.settings - INFO - 設定保存成功
2025-10-06 23:31:51 - services.settings - INFO - 設定載入成功
2025-10-06 23:31:51 - services.settings - INFO - 設定保存成功
2025-10-06 23:31:51 - services.settings - INFO - 設定載入成功
2025-10-06 23:31:51 - services.settings - INFO - 設定保存成功
2025-10-06 23:31:51 - services.settings - INFO - 設定載入成功
2025-10-06 23:31:51 - services.settings - INFO - 設定保存成功
2025-10-06 23:31:51 - services.settings - INFO - 設定載入成功
2025-10-06 23:31:51 - services.settings - INFO - 設定載入成功
2025-10-06 23:31:51 - services.settings - INFO - 設定保存成功
2025-10-06 23:31:51 - services.settings - INFO - 設定載入成功
2025-10-06 23:31:51 - services.settings - INFO - 設定保存成功
2025-10-06 23:31:51 - services.settings - INFO - 設定載入成功
2025-10-06 23:31:51 - services.settings - INFO - 設定保存成功
2025-10-06 23:31:51 - services.settings - INFO - 設定載入成功
2025-10-06 23:31:51 - services.settings - INFO - 設定保存成功
2025-10-06 23:31:51 - services.settings - INFO - 設定載入成功
2025-10-06 23:31:57 - services.settings - INFO - 設定載入成功
2025-10-06 23:31:57 - services.settings - INFO - 設定保存成功
2025-10-06 23:32:00 - services.settings - INFO - 設定載入成功
2025-10-06 23:32:00 - services.settings - INFO - 設定保存成功
2025-10-06 23:32:24 - services.settings - INFO - 設定載入成功
2025-10-06 23:32:24 - services.settings - INFO - 設定保存成功
2025-10-06 23:33:01 - services.settings - INFO - 設定保存成功
2025-10-06 23:33:01 - root - INFO - 應用程式正常關閉
2025-10-06 23:33:04 - root - INFO - 應用程式啟動 - 版本 2.5.0
2025-10-06 23:33:04 - services.settings - INFO - 設定載入成功
2025-10-06 23:33:04 - services.settings - INFO - 設定載入成功
2025-10-06 23:33:04 - services.settings - INFO - 設定保存成功
2025-10-06 23:33:04 - services.settings - INFO - 設定載入成功
2025-10-06 23:33:04 - services.settings - INFO - 設定保存成功
2025-10-06 23:33:04 - services.settings - INFO - 設定載入成功
2025-10-06 23:33:04 - services.settings - INFO - 設定保存成功
2025-10-06 23:33:04 - services.settings - INFO - 設定載入成功
2025-10-06 23:33:04 - services.settings - INFO - 設定保存成功
2025-10-06 23:33:04 - services.settings - INFO - 設定載入成功
2025-10-06 23:33:04 - services.settings - INFO - 設定保存成功
2025-10-06 23:33:04 - services.settings - INFO - 設定載入成功
2025-10-06 23:33:04 - services.settings - INFO - 設定保存成功
2025-10-06 23:33:04 - services.settings - INFO - 設定載入成功
2025-10-06 23:33:04 - services.settings - INFO - 設定保存成功
2025-10-06 23:33:04 - services.settings - INFO - 設定載入成功
2025-10-06 23:33:04 - services.settings - INFO - 設定載入成功
2025-10-06 23:33:04 - services.settings - INFO - 設定保存成功
2025-10-06 23:33:04 - services.settings - INFO - 設定載入成功
2025-10-06 23:33:04 - services.settings - INFO - 設定保存成功
2025-10-06 23:33:04 - services.settings - INFO - 設定載入成功
2025-10-06 23:33:04 - services.settings - INFO - 設定保存成功
2025-10-06 23:33:04 - services.settings - INFO - 設定載入成功
2025-10-06 23:33:04 - services.settings - INFO - 設定保存成功
2025-10-06 23:33:04 - services.settings - INFO - 設定載入成功
2025-10-06 23:33:53 - services.settings - INFO - 設定載入成功
2025-10-06 23:33:53 - services.settings - INFO - 設定保存成功
2025-10-06 23:33:55 - services.settings - INFO - 設定載入成功
2025-10-06 23:33:55 - services.settings - INFO - 設定保存成功
2025-10-06 23:33:55 - services.settings - INFO - 設定載入成功
2025-10-06 23:33:55 - services.settings - INFO - 設定保存成功
2025-10-06 23:33:57 - services.settings - INFO - 設定載入成功
2025-10-06 23:33:57 - services.settings - INFO - 設定保存成功
2025-10-06 23:33:58 - services.settings - INFO - 設定載入成功
2025-10-06 23:33:58 - services.settings - INFO - 設定保存成功
2025-10-06 23:34:04 - services.settings - INFO - 設定載入成功
2025-10-06 23:34:04 - services.settings - INFO - 設定保存成功
2025-10-06 23:34:05 - services.settings - INFO - 設定載入成功
2025-10-06 23:34:05 - services.settings - INFO - 設定保存成功
2025-10-06 23:34:06 - services.settings - INFO - 設定載入成功
2025-10-06 23:34:06 - services.settings - INFO - 設定保存成功
2025-10-06 23:34:07 - services.settings - INFO - 設定載入成功
2025-10-06 23:34:07 - services.settings - INFO - 設定保存成功
2025-10-06 23:34:18 - services.settings - INFO - 設定保存成功
2025-10-06 23:34:18 - root - INFO - 應用程式正常關閉
2025-10-06 23:35:09 - root - INFO - 應用程式啟動 - 版本 2.5.0
2025-10-06 23:35:09 - services.settings - INFO - 設定載入成功
2025-10-06 23:35:09 - services.settings - INFO - 設定載入成功
2025-10-06 23:35:09 - services.settings - INFO - 設定保存成功
2025-10-06 23:35:09 - services.settings - INFO - 設定載入成功
2025-10-06 23:35:09 - services.settings - INFO - 設定保存成功
2025-10-06 23:35:09 - services.settings - INFO - 設定載入成功
2025-10-06 23:35:09 - services.settings - INFO - 設定保存成功
2025-10-06 23:35:09 - services.settings - INFO - 設定載入成功
2025-10-06 23:35:09 - services.settings - INFO - 設定保存成功
2025-10-06 23:35:09 - services.settings - INFO - 設定載入成功
2025-10-06 23:35:09 - services.settings - INFO - 設定保存成功
2025-10-06 23:35:09 - services.settings - INFO - 設定載入成功
2025-10-06 23:35:09 - services.settings - INFO - 設定保存成功
2025-10-06 23:35:09 - services.settings - INFO - 設定載入成功
2025-10-06 23:35:09 - services.settings - INFO - 設定保存成功
2025-10-06 23:35:09 - services.settings - INFO - 設定載入成功
2025-10-06 23:35:09 - services.settings - INFO - 設定載入成功
2025-10-06 23:35:09 - services.settings - INFO - 設定保存成功
2025-10-06 23:35:09 - services.settings - INFO - 設定載入成功
2025-10-06 23:35:09 - services.settings - INFO - 設定保存成功
2025-10-06 23:35:09 - services.settings - INFO - 設定載入成功
2025-10-06 23:35:09 - services.settings - INFO - 設定保存成功
2025-10-06 23:35:09 - services.settings - INFO - 設定載入成功
2025-10-06 23:35:09 - services.settings - INFO - 設定保存成功
2025-10-06 23:35:09 - services.settings - INFO - 設定載入成功
2025-10-06 23:35:17 - services.settings - INFO - 設定載入成功
2025-10-06 23:35:17 - services.settings - INFO - 設定保存成功
2025-10-06 23:35:18 - services.settings - INFO - 設定載入成功
2025-10-06 23:35:18 - services.settings - INFO - 設定保存成功
2025-10-06 23:35:21 - services.settings - INFO - 設定載入成功
2025-10-06 23:35:21 - services.settings - INFO - 設定保存成功
2025-10-06 23:35:26 - services.settings - INFO - 設定保存成功
2025-10-06 23:35:26 - root - INFO - 應用程式正常關閉
2025-10-06 23:35:28 - root - INFO - 應用程式啟動 - 版本 2.5.0
2025-10-06 23:35:28 - services.settings - INFO - 設定載入成功
2025-10-06 23:35:28 - services.settings - INFO - 設定載入成功
2025-10-06 23:35:28 - services.settings - INFO - 設定保存成功
2025-10-06 23:35:28 - services.settings - INFO - 設定載入成功
2025-10-06 23:35:28 - services.settings - INFO - 設定保存成功
2025-10-06 23:35:28 - services.settings - INFO - 設定載入成功
2025-10-06 23:35:28 - services.settings - INFO - 設定保存成功
2025-10-06 23:35:28 - services.settings - INFO - 設定載入成功
2025-10-06 23:35:28 - services.settings - INFO - 設定保存成功
2025-10-06 23:35:28 - services.settings - INFO - 設定載入成功
2025-10-06 23:35:28 - services.settings - INFO - 設定保存成功
2025-10-06 23:35:28 - services.settings - INFO - 設定載入成功
2025-10-06 23:35:28 - services.settings - INFO - 設定保存成功
2025-10-06 23:35:28 - services.settings - INFO - 設定載入成功
2025-10-06 23:35:28 - services.settings - INFO - 設定保存成功
2025-10-06 23:35:28 - services.settings - INFO - 設定載入成功
2025-10-06 23:35:28 - services.settings - INFO - 設定載入成功
2025-10-06 23:35:28 - services.settings - INFO - 設定保存成功
2025-10-06 23:35:28 - services.settings - INFO - 設定載入成功
2025-10-06 23:35:28 - services.settings - INFO - 設定保存成功
2025-10-06 23:35:28 - services.settings - INFO - 設定載入成功
2025-10-06 23:35:28 - services.settings - INFO - 設定保存成功
2025-10-06 23:35:28 - services.settings - INFO - 設定載入成功
2025-10-06 23:35:28 - services.settings - INFO - 設定保存成功
2025-10-06 23:35:28 - services.settings - INFO - 設定載入成功
2025-10-06 23:35:37 - services.settings - INFO - 設定保存成功
2025-10-06 23:35:37 - root - INFO - 應用程式正常關閉
2025-10-06 23:35:44 - root - INFO - 應用程式啟動 - 版本 2.5.0
2025-10-06 23:35:44 - services.settings - INFO - 設定載入成功
2025-10-06 23:35:44 - services.settings - INFO - 設定載入成功
2025-10-06 23:35:44 - services.settings - INFO - 設定保存成功
2025-10-06 23:35:44 - services.settings - INFO - 設定載入成功
2025-10-06 23:35:44 - services.settings - INFO - 設定保存成功
2025-10-06 23:35:44 - services.settings - INFO - 設定載入成功
2025-10-06 23:35:44 - services.settings - INFO - 設定保存成功
2025-10-06 23:35:44 - services.settings - INFO - 設定載入成功
2025-10-06 23:35:44 - services.settings - INFO - 設定保存成功
2025-10-06 23:35:44 - services.settings - INFO - 設定載入成功
2025-10-06 23:35:44 - services.settings - INFO - 設定保存成功
2025-10-06 23:35:44 - services.settings - INFO - 設定載入成功
2025-10-06 23:35:44 - services.settings - INFO - 設定保存成功
2025-10-06 23:35:44 - services.settings - INFO - 設定載入成功
2025-10-06 23:35:44 - services.settings - INFO - 設定保存成功
2025-10-06 23:35:44 - services.settings - INFO - 設定載入成功
2025-10-06 23:35:44 - services.settings - INFO - 設定載入成功
2025-10-06 23:35:44 - services.settings - INFO - 設定保存成功
2025-10-06 23:35:44 - services.settings - INFO - 設定載入成功
2025-10-06 23:35:44 - services.settings - INFO - 設定保存成功
2025-10-06 23:35:44 - services.settings - INFO - 設定載入成功
2025-10-06 23:35:44 - services.settings - INFO - 設定保存成功
2025-10-06 23:35:44 - services.settings - INFO - 設定載入成功
2025-10-06 23:35:44 - services.settings - INFO - 設定保存成功
2025-10-06 23:35:44 - services.settings - INFO - 設定載入成功
2025-10-06 23:36:06 - services.settings - INFO - 設定載入成功
2025-10-06 23:36:06 - services.settings - INFO - 設定保存成功
2025-10-06 23:36:08 - services.settings - INFO - 設定載入成功
2025-10-06 23:36:08 - services.settings - INFO - 設定保存成功
2025-10-06 23:36:09 - services.settings - INFO - 設定載入成功
2025-10-06 23:36:09 - services.settings - INFO - 設定保存成功
2025-10-06 23:36:21 - services.settings - INFO - 設定載入成功
2025-10-06 23:36:22 - services.settings - INFO - 設定保存成功
2025-10-06 23:36:49 - services.settings - INFO - 設定保存成功
2025-10-06 23:36:49 - root - INFO - 應用程式正常關閉
2025-10-06 23:38:49 - root - INFO - 應用程式啟動 - 版本 2.5.0
2025-10-06 23:39:52 - root - INFO - 應用程式啟動 - 版本 2.5.0
2025-10-06 23:39:52 - services.settings - INFO - 設定載入成功
2025-10-06 23:39:52 - services.settings - INFO - 設定載入成功
2025-10-06 23:39:52 - services.settings - INFO - 設定保存成功
2025-10-06 23:39:52 - services.settings - INFO - 設定載入成功
2025-10-06 23:39:52 - services.settings - INFO - 設定保存成功
2025-10-06 23:39:52 - services.settings - INFO - 設定載入成功
2025-10-06 23:39:52 - services.settings - INFO - 設定保存成功
2025-10-06 23:39:52 - services.settings - INFO - 設定載入成功
2025-10-06 23:39:52 - services.settings - INFO - 設定保存成功
2025-10-06 23:39:52 - services.settings - INFO - 設定載入成功
2025-10-06 23:39:52 - services.settings - INFO - 設定保存成功
2025-10-06 23:39:52 - services.settings - INFO - 設定載入成功
2025-10-06 23:39:52 - services.settings - INFO - 設定保存成功
2025-10-06 23:39:52 - services.settings - INFO - 設定載入成功
2025-10-06 23:39:52 - services.settings - INFO - 設定保存成功
2025-10-06 23:39:52 - ui_download - ERROR - 載入設定失敗: 'NoneType' object has no attribute 'config'
2025-10-06 23:39:52 - services.settings - INFO - 設定載入成功
2025-10-06 23:39:52 - services.settings - INFO - 設定載入成功
2025-10-06 23:39:52 - services.settings - INFO - 設定保存成功
2025-10-06 23:39:52 - services.settings - INFO - 設定載入成功
2025-10-06 23:39:52 - services.settings - INFO - 設定保存成功
2025-10-06 23:39:52 - services.settings - INFO - 設定載入成功
2025-10-06 23:39:52 - services.settings - INFO - 設定保存成功
2025-10-06 23:39:52 - services.settings - INFO - 設定載入成功
2025-10-06 23:39:52 - services.settings - INFO - 設定保存成功
2025-10-06 23:39:52 - services.settings - INFO - 設定載入成功
2025-10-06 23:40:17 - services.settings - INFO - 設定載入成功
2025-10-06 23:40:17 - services.settings - INFO - 設定保存成功
2025-10-06 23:40:35 - services.settings - INFO - 設定載入成功
2025-10-06 23:40:35 - services.settings - INFO - 設定保存成功
2025-10-06 23:41:27 - services.settings - INFO - 設定載入成功
2025-10-06 23:41:27 - services.settings - INFO - 設定保存成功
2025-10-06 23:42:37 - services.settings - INFO - 設定保存成功
2025-10-06 23:42:37 - root - INFO - 應用程式正常關閉
2025-10-06 23:43:41 - root - INFO - 應用程式啟動 - 版本 2.5.0
2025-10-06 23:43:41 - services.settings - INFO - 設定載入成功
2025-10-06 23:43:41 - services.settings - INFO - 設定載入成功
2025-10-06 23:43:41 - services.settings - INFO - 設定保存成功
2025-10-06 23:43:41 - services.settings - INFO - 設定載入成功
2025-10-06 23:43:41 - services.settings - INFO - 設定保存成功
2025-10-06 23:43:41 - services.settings - INFO - 設定載入成功
2025-10-06 23:43:41 - services.settings - INFO - 設定保存成功
2025-10-06 23:43:41 - services.settings - INFO - 設定載入成功
2025-10-06 23:43:41 - services.settings - INFO - 設定保存成功
2025-10-06 23:43:41 - services.settings - INFO - 設定載入成功
2025-10-06 23:43:41 - services.settings - INFO - 設定保存成功
2025-10-06 23:43:41 - services.settings - INFO - 設定載入成功
2025-10-06 23:43:41 - services.settings - INFO - 設定保存成功
2025-10-06 23:43:41 - services.settings - INFO - 設定載入成功
2025-10-06 23:43:41 - services.settings - INFO - 設定保存成功
2025-10-06 23:43:41 - ui_download - ERROR - 載入設定失敗: 'NoneType' object has no attribute 'config'
2025-10-06 23:43:41 - services.settings - INFO - 設定載入成功
2025-10-06 23:43:41 - services.settings - INFO - 設定載入成功
2025-10-06 23:43:41 - services.settings - INFO - 設定保存成功
2025-10-06 23:43:41 - services.settings - INFO - 設定載入成功
2025-10-06 23:43:41 - services.settings - INFO - 設定保存成功
2025-10-06 23:43:41 - services.settings - INFO - 設定載入成功
2025-10-06 23:43:41 - services.settings - INFO - 設定保存成功
2025-10-06 23:43:41 - services.settings - INFO - 設定載入成功
2025-10-06 23:43:41 - services.settings - INFO - 設定保存成功
2025-10-06 23:43:41 - services.settings - INFO - 設定載入成功
2025-10-06 23:43:47 - services.settings - INFO - 設定載入成功
2025-10-06 23:43:47 - services.settings - INFO - 設定保存成功
2025-10-06 23:43:53 - services.settings - INFO - 設定載入成功
2025-10-06 23:43:53 - services.settings - INFO - 設定保存成功
2025-10-06 23:43:54 - services.settings - INFO - 設定載入成功
2025-10-06 23:43:54 - services.settings - INFO - 設定保存成功
2025-10-06 23:43:57 - services.settings - INFO - 設定載入成功
2025-10-06 23:43:57 - services.settings - INFO - 設定保存成功
2025-10-06 23:44:07 - services.settings - INFO - 設定保存成功
2025-10-06 23:44:07 - root - INFO - 應用程式正常關閉
2025-10-16 22:20:10 - root - INFO - 應用程式啟動 - 版本 2.5.0
2025-10-16 22:20:10 - services.settings - INFO - 設定載入成功
2025-10-16 22:20:10 - services.settings - INFO - 設定載入成功
2025-10-16 22:20:10 - services.settings - INFO - 設定保存成功
2025-10-16 22:20:10 - services.settings - INFO - 設定載入成功
2025-10-16 22:20:10 - services.settings - INFO - 設定保存成功
2025-10-16 22:20:10 - services.settings - INFO - 設定載入成功
2025-10-16 22:20:10 - services.settings - INFO - 設定保存成功
2025-10-16 22:20:10 - services.settings - INFO - 設定載入成功
2025-10-16 22:20:10 - services.settings - INFO - 設定保存成功
2025-10-16 22:20:10 - services.settings - INFO - 設定載入成功
2025-10-16 22:20:10 - services.settings - INFO - 設定保存成功
2025-10-16 22:20:10 - services.settings - INFO - 設定載入成功
2025-10-16 22:20:10 - services.settings - INFO - 設定保存成功
2025-10-16 22:20:10 - services.settings - INFO - 設定載入成功
2025-10-16 22:20:10 - services.settings - INFO - 設定保存成功
2025-10-16 22:20:10 - ui_download - ERROR - 載入設定失敗: 'NoneType' object has no attribute 'config'
2025-10-16 22:20:10 - services.settings - INFO - 設定載入成功
2025-10-16 22:20:10 - services.settings - INFO - 設定載入成功
2025-10-16 22:20:10 - services.settings - INFO - 設定保存成功
2025-10-16 22:20:10 - services.settings - INFO - 設定載入成功
2025-10-16 22:20:10 - services.settings - INFO - 設定保存成功
2025-10-16 22:20:10 - services.settings - INFO - 設定載入成功
2025-10-16 22:20:10 - services.settings - INFO - 設定保存成功
2025-10-16 22:20:10 - services.settings - INFO - 設定載入成功
2025-10-16 22:20:10 - services.settings - INFO - 設定保存成功
2025-10-16 22:20:10 - services.settings - INFO - 設定載入成功
2025-10-16 22:21:16 - services.settings - INFO - 設定保存成功
2025-10-16 22:21:16 - root - INFO - 應用程式正常關閉
2025-10-16 22:21:18 - root - INFO - 應用程式啟動 - 版本 2.5.0
2025-10-16 22:21:19 - services.settings - INFO - 設定載入成功
2025-10-16 22:21:19 - services.settings - INFO - 設定載入成功
2025-10-16 22:21:19 - services.settings - INFO - 設定保存成功
2025-10-16 22:21:19 - services.settings - INFO - 設定載入成功
2025-10-16 22:21:19 - services.settings - INFO - 設定保存成功
2025-10-16 22:21:19 - services.settings - INFO - 設定載入成功
2025-10-16 22:21:19 - services.settings - INFO - 設定保存成功
2025-10-16 22:21:19 - services.settings - INFO - 設定載入成功
2025-10-16 22:21:19 - services.settings - INFO - 設定保存成功
2025-10-16 22:21:19 - services.settings - INFO - 設定載入成功
2025-10-16 22:21:19 - services.settings - INFO - 設定保存成功
2025-10-16 22:21:19 - services.settings - INFO - 設定載入成功
2025-10-16 22:21:19 - services.settings - INFO - 設定保存成功
2025-10-16 22:21:19 - services.settings - INFO - 設定載入成功
2025-10-16 22:21:19 - services.settings - INFO - 設定保存成功
2025-10-16 22:21:19 - ui_download - ERROR - 載入設定失敗: 'NoneType' object has no attribute 'config'
2025-10-16 22:21:19 - services.settings - INFO - 設定載入成功
2025-10-16 22:21:19 - services.settings - INFO - 設定載入成功
2025-10-16 22:21:19 - services.settings - INFO - 設定保存成功
2025-10-16 22:21:19 - services.settings - INFO - 設定載入成功
2025-10-16 22:21:19 - services.settings - INFO - 設定保存成功
2025-10-16 22:21:19 - services.settings - INFO - 設定載入成功
2025-10-16 22:21:19 - services.settings - INFO - 設定保存成功
2025-10-16 22:21:19 - services.settings - INFO - 設定載入成功
2025-10-16 22:21:19 - services.settings - INFO - 設定保存成功
2025-10-16 22:21:19 - services.settings - INFO - 設定載入成功
2025-10-16 22:21:25 - services.settings - INFO - 設定保存成功
2025-10-16 22:21:25 - root - INFO - 應用程式正常關閉
2025-10-16 22:21:47 - root - INFO - 應用程式啟動 - 版本 2.5.0
2025-10-16 22:21:47 - services.settings - INFO - 設定載入成功
2025-10-16 22:21:47 - services.settings - INFO - 設定載入成功
2025-10-16 22:21:47 - services.settings - INFO - 設定保存成功
2025-10-16 22:21:47 - services.settings - INFO - 設定載入成功
2025-10-16 22:21:47 - services.settings - INFO - 設定保存成功
2025-10-16 22:21:47 - services.settings - INFO - 設定載入成功
2025-10-16 22:21:47 - services.settings - INFO - 設定保存成功
2025-10-16 22:21:47 - services.settings - INFO - 設定載入成功
2025-10-16 22:21:47 - services.settings - INFO - 設定保存成功
2025-10-16 22:21:47 - services.settings - INFO - 設定載入成功
2025-10-16 22:21:47 - services.settings - INFO - 設定保存成功
2025-10-16 22:21:47 - services.settings - INFO - 設定載入成功
2025-10-16 22:21:47 - services.settings - INFO - 設定保存成功
2025-10-16 22:21:47 - services.settings - INFO - 設定載入成功
2025-10-16 22:21:47 - services.settings - INFO - 設定保存成功
2025-10-16 22:21:47 - ui_download - ERROR - 載入設定失敗: 'NoneType' object has no attribute 'config'
2025-10-16 22:21:47 - services.settings - INFO - 設定載入成功
2025-10-16 22:21:47 - services.settings - INFO - 設定載入成功
2025-10-16 22:21:47 - services.settings - INFO - 設定保存成功
2025-10-16 22:21:47 - services.settings - INFO - 設定載入成功
2025-10-16 22:21:47 - services.settings - INFO - 設定保存成功
2025-10-16 22:21:47 - services.settings - INFO - 設定載入成功
2025-10-16 22:21:47 - services.settings - INFO - 設定保存成功
2025-10-16 22:21:47 - services.settings - INFO - 設定載入成功
2025-10-16 22:21:47 - services.settings - INFO - 設定保存成功
2025-10-16 22:21:47 - services.settings - INFO - 設定載入成功
2025-10-16 22:23:56 - services.settings - INFO - 設定保存成功
2025-10-16 22:23:56 - root - INFO - 應用程式正常關閉
2025-10-16 22:24:27 - root - INFO - 應用程式啟動 - 版本 2.5.0
2025-10-16 22:24:27 - services.settings - INFO - 設定載入成功
2025-10-16 22:24:27 - services.settings - INFO - 設定載入成功
2025-10-16 22:24:27 - services.settings - INFO - 設定保存成功
2025-10-16 22:24:27 - services.settings - INFO - 設定載入成功
2025-10-16 22:24:27 - services.settings - INFO - 設定保存成功
2025-10-16 22:24:27 - services.settings - INFO - 設定載入成功
2025-10-16 22:24:27 - services.settings - INFO - 設定保存成功
2025-10-16 22:24:27 - services.settings - INFO - 設定載入成功
2025-10-16 22:24:27 - services.settings - INFO - 設定保存成功
2025-10-16 22:24:27 - services.settings - INFO - 設定載入成功
2025-10-16 22:24:27 - services.settings - INFO - 設定保存成功
2025-10-16 22:24:27 - services.settings - INFO - 設定載入成功
2025-10-16 22:24:27 - services.settings - INFO - 設定保存成功
2025-10-16 22:24:27 - services.settings - INFO - 設定載入成功
2025-10-16 22:24:27 - services.settings - INFO - 設定保存成功
2025-10-16 22:24:27 - ui_download - ERROR - 載入設定失敗: 'NoneType' object has no attribute 'config'
2025-10-16 22:24:27 - services.settings - INFO - 設定載入成功
2025-10-16 22:24:27 - services.settings - INFO - 設定載入成功
2025-10-16 22:24:27 - services.settings - INFO - 設定保存成功
2025-10-16 22:24:27 - services.settings - INFO - 設定載入成功
2025-10-16 22:24:27 - services.settings - INFO - 設定保存成功
2025-10-16 22:24:27 - services.settings - INFO - 設定載入成功
2025-10-16 22:24:27 - services.settings - INFO - 設定保存成功
2025-10-16 22:24:27 - services.settings - INFO - 設定載入成功
2025-10-16 22:24:27 - services.settings - INFO - 設定保存成功
2025-10-16 22:24:27 - services.settings - INFO - 設定載入成功
2025-10-16 22:26:43 - services.settings - INFO - 設定保存成功
2025-10-16 22:26:43 - root - INFO - 應用程式正常關閉
2025-10-16 22:26:57 - root - INFO - 應用程式啟動 - 版本 2.5.0
2025-10-16 22:26:57 - services.settings - INFO - 設定載入成功
2025-10-16 22:26:57 - services.settings - INFO - 設定載入成功
2025-10-16 22:26:57 - services.settings - INFO - 設定保存成功
2025-10-16 22:26:57 - services.settings - INFO - 設定載入成功
2025-10-16 22:26:57 - services.settings - INFO - 設定保存成功
2025-10-16 22:26:57 - services.settings - INFO - 設定載入成功
2025-10-16 22:26:57 - services.settings - INFO - 設定保存成功
2025-10-16 22:26:57 - services.settings - INFO - 設定載入成功
2025-10-16 22:26:57 - services.settings - INFO - 設定保存成功
2025-10-16 22:26:57 - services.settings - INFO - 設定載入成功
2025-10-16 22:26:57 - services.settings - INFO - 設定保存成功
2025-10-16 22:26:57 - services.settings - INFO - 設定載入成功
2025-10-16 22:26:57 - services.settings - INFO - 設定保存成功
2025-10-16 22:26:57 - services.settings - INFO - 設定載入成功
2025-10-16 22:26:57 - services.settings - INFO - 設定保存成功
2025-10-16 22:26:57 - ui_download - ERROR - 載入設定失敗: 'NoneType' object has no attribute 'config'
2025-10-16 22:26:57 - services.settings - INFO - 設定載入成功
2025-10-16 22:26:57 - services.settings - INFO - 設定載入成功
2025-10-16 22:26:57 - services.settings - INFO - 設定保存成功
2025-10-16 22:26:57 - services.settings - INFO - 設定載入成功
2025-10-16 22:26:57 - services.settings - INFO - 設定保存成功
2025-10-16 22:26:57 - services.settings - INFO - 設定載入成功
2025-10-16 22:26:57 - services.settings - INFO - 設定保存成功
2025-10-16 22:26:57 - services.settings - INFO - 設定載入成功
2025-10-16 22:26:57 - services.settings - INFO - 設定保存成功
2025-10-16 22:26:57 - services.settings - INFO - 設定載入成功
2025-10-16 22:27:03 - services.settings - INFO - 設定保存成功
2025-10-16 22:27:03 - root - INFO - 應用程式正常關閉
2025-10-16 22:27:34 - root - INFO - 應用程式啟動 - 版本 2.5.0
2025-10-16 22:27:34 - services.settings - INFO - 設定載入成功
2025-10-16 22:27:34 - services.settings - INFO - 設定載入成功
2025-10-16 22:27:34 - services.settings - INFO - 設定保存成功
2025-10-16 22:27:34 - services.settings - INFO - 設定載入成功
2025-10-16 22:27:34 - services.settings - INFO - 設定保存成功
2025-10-16 22:27:34 - services.settings - INFO - 設定載入成功
2025-10-16 22:27:34 - services.settings - INFO - 設定保存成功
2025-10-16 22:27:34 - services.settings - INFO - 設定載入成功
2025-10-16 22:27:34 - services.settings - INFO - 設定保存成功
2025-10-16 22:27:34 - services.settings - INFO - 設定載入成功
2025-10-16 22:27:34 - services.settings - INFO - 設定保存成功
2025-10-16 22:27:34 - services.settings - INFO - 設定載入成功
2025-10-16 22:27:34 - services.settings - INFO - 設定保存成功
2025-10-16 22:27:34 - services.settings - INFO - 設定載入成功
2025-10-16 22:27:34 - services.settings - INFO - 設定保存成功
2025-10-16 22:27:34 - ui_download - ERROR - 載入設定失敗: 'NoneType' object has no attribute 'config'
2025-10-16 22:27:34 - services.settings - INFO - 設定載入成功
2025-10-16 22:27:34 - services.settings - INFO - 設定載入成功
2025-10-16 22:27:34 - services.settings - INFO - 設定保存成功
2025-10-16 22:27:34 - services.settings - INFO - 設定載入成功
2025-10-16 22:27:34 - services.settings - INFO - 設定保存成功
2025-10-16 22:27:34 - services.settings - INFO - 設定載入成功
2025-10-16 22:27:34 - services.settings - INFO - 設定保存成功
2025-10-16 22:27:34 - services.settings - INFO - 設定載入成功
2025-10-16 22:27:34 - services.settings - INFO - 設定保存成功
2025-10-16 22:27:34 - services.settings - INFO - 設定載入成功
2025-10-16 22:28:53 - root - INFO - 應用程式啟動 - 版本 2.5.0
2025-10-16 22:28:53 - services.settings - INFO - 設定載入成功
2025-10-16 22:28:53 - services.settings - INFO - 設定載入成功
2025-10-16 22:28:53 - services.settings - INFO - 設定保存成功
2025-10-16 22:28:53 - services.settings - INFO - 設定載入成功
2025-10-16 22:28:53 - services.settings - INFO - 設定保存成功
2025-10-16 22:28:53 - services.settings - INFO - 設定載入成功
2025-10-16 22:28:53 - services.settings - INFO - 設定保存成功
2025-10-16 22:28:53 - services.settings - INFO - 設定載入成功
2025-10-16 22:28:53 - services.settings - INFO - 設定保存成功
2025-10-16 22:28:53 - services.settings - INFO - 設定載入成功
2025-10-16 22:28:53 - services.settings - INFO - 設定保存成功
2025-10-16 22:28:53 - services.settings - INFO - 設定載入成功
2025-10-16 22:28:53 - services.settings - INFO - 設定保存成功
2025-10-16 22:28:53 - services.settings - INFO - 設定載入成功
2025-10-16 22:28:53 - services.settings - INFO - 設定保存成功
2025-10-16 22:28:53 - services.settings - INFO - 設定載入成功
2025-10-16 22:28:53 - services.settings - INFO - 設定載入成功
2025-10-16 22:28:53 - services.settings - INFO - 設定保存成功
2025-10-16 22:28:53 - services.settings - INFO - 設定載入成功
2025-10-16 22:28:53 - services.settings - INFO - 設定保存成功
2025-10-16 22:28:53 - services.settings - INFO - 設定載入成功
2025-10-16 22:28:53 - services.settings - INFO - 設定保存成功
2025-10-16 22:28:53 - services.settings - INFO - 設定載入成功
2025-10-16 22:28:53 - services.settings - INFO - 設定保存成功
2025-10-16 22:28:53 - services.settings - INFO - 設定載入成功
2025-10-16 22:29:03 - services.settings - INFO - 設定載入成功
2025-10-16 22:29:03 - services.settings - INFO - 設定保存成功
2025-10-16 22:29:06 - services.settings - INFO - 設定保存成功
2025-10-16 22:29:06 - root - INFO - 應用程式正常關閉
2025-10-16 22:29:11 - services.settings - INFO - 設定保存成功
2025-10-16 22:29:11 - root - INFO - 應用程式正常關閉
2025-10-16 22:29:13 - root - INFO - 應用程式啟動 - 版本 2.5.0
2025-10-16 22:29:13 - services.settings - INFO - 設定載入成功
2025-10-16 22:29:13 - services.settings - INFO - 設定載入成功
2025-10-16 22:29:13 - services.settings - INFO - 設定保存成功
2025-10-16 22:29:13 - services.settings - INFO - 設定載入成功
2025-10-16 22:29:13 - services.settings - INFO - 設定保存成功
2025-10-16 22:29:13 - services.settings - INFO - 設定載入成功
2025-10-16 22:29:13 - services.settings - INFO - 設定保存成功
2025-10-16 22:29:13 - services.settings - INFO - 設定載入成功
2025-10-16 22:29:13 - services.settings - INFO - 設定保存成功
2025-10-16 22:29:13 - services.settings - INFO - 設定載入成功
2025-10-16 22:29:13 - services.settings - INFO - 設定保存成功
2025-10-16 22:29:13 - services.settings - INFO - 設定載入成功
2025-10-16 22:29:13 - services.settings - INFO - 設定保存成功
2025-10-16 22:29:13 - services.settings - INFO - 設定載入成功
2025-10-16 22:29:13 - services.settings - INFO - 設定保存成功
2025-10-16 22:29:13 - services.settings - INFO - 設定載入成功
2025-10-16 22:29:13 - services.settings - INFO - 設定載入成功
2025-10-16 22:29:13 - services.settings - INFO - 設定保存成功
2025-10-16 22:29:13 - services.settings - INFO - 設定載入成功
2025-10-16 22:29:13 - services.settings - INFO - 設定保存成功
2025-10-16 22:29:13 - services.settings - INFO - 設定載入成功
2025-10-16 22:29:13 - services.settings - INFO - 設定保存成功
2025-10-16 22:29:13 - services.settings - INFO - 設定載入成功
2025-10-16 22:29:13 - services.settings - INFO - 設定保存成功
2025-10-16 22:29:13 - services.settings - INFO - 設定載入成功
2025-10-16 22:29:17 - services.settings - INFO - 設定載入成功
2025-10-16 22:29:17 - services.settings - INFO - 設定保存成功
2025-10-16 22:29:22 - services.settings - INFO - 設定保存成功
2025-10-16 22:29:22 - root - INFO - 應用程式正常關閉
2025-10-16 22:29:25 - root - INFO - 應用程式啟動 - 版本 2.5.0
2025-10-16 22:29:25 - services.settings - INFO - 設定載入成功
2025-10-16 22:29:25 - services.settings - INFO - 設定載入成功
2025-10-16 22:29:25 - services.settings - INFO - 設定保存成功
2025-10-16 22:29:25 - services.settings - INFO - 設定載入成功
2025-10-16 22:29:25 - services.settings - INFO - 設定保存成功
2025-10-16 22:29:25 - services.settings - INFO - 設定載入成功
2025-10-16 22:29:25 - services.settings - INFO - 設定保存成功
2025-10-16 22:29:25 - services.settings - INFO - 設定載入成功
2025-10-16 22:29:25 - services.settings - INFO - 設定保存成功
2025-10-16 22:29:25 - services.settings - INFO - 設定載入成功
2025-10-16 22:29:25 - services.settings - INFO - 設定保存成功
2025-10-16 22:29:25 - services.settings - INFO - 設定載入成功
2025-10-16 22:29:25 - services.settings - INFO - 設定保存成功
2025-10-16 22:29:25 - services.settings - INFO - 設定載入成功
2025-10-16 22:29:25 - services.settings - INFO - 設定保存成功
2025-10-16 22:29:25 - services.settings - INFO - 設定載入成功
2025-10-16 22:29:25 - services.settings - INFO - 設定載入成功
2025-10-16 22:29:25 - services.settings - INFO - 設定保存成功
2025-10-16 22:29:25 - services.settings - INFO - 設定載入成功
2025-10-16 22:29:25 - services.settings - INFO - 設定保存成功
2025-10-16 22:29:25 - services.settings - INFO - 設定載入成功
2025-10-16 22:29:25 - services.settings - INFO - 設定保存成功
2025-10-16 22:29:25 - services.settings - INFO - 設定載入成功
2025-10-16 22:29:25 - services.settings - INFO - 設定保存成功
2025-10-16 22:29:25 - services.settings - INFO - 設定載入成功
2025-10-16 22:29:34 - services.settings - INFO - 設定載入成功
2025-10-16 22:29:34 - services.settings - INFO - 設定保存成功
2025-10-16 22:29:34 - services.settings - INFO - 設定載入成功
2025-10-16 22:29:34 - services.settings - INFO - 設定保存成功
2025-10-16 22:29:42 - services.settings - INFO - 設定載入成功
2025-10-16 22:29:42 - services.settings - INFO - 設定保存成功
2025-10-16 22:29:50 - services.settings - INFO - 設定載入成功
2025-10-16 22:29:50 - services.settings - INFO - 設定保存成功
2025-10-16 22:29:51 - services.settings - INFO - 設定載入成功
2025-10-16 22:29:51 - services.settings - INFO - 設定保存成功
2025-10-16 22:29:56 - services.settings - INFO - 設定載入成功
2025-10-16 22:29:56 - services.settings - INFO - 設定保存成功
2025-10-16 22:30:13 - services.settings - INFO - 設定保存成功
2025-10-16 22:30:13 - root - INFO - 應用程式正常關閉
2025-11-23 19:45:20 - root - INFO - 應用程式啟動 - 版本 2.5.0
2025-11-23 19:45:20 - services.settings - INFO - 設定載入成功
2025-11-23 19:45:20 - services.settings - INFO - 設定載入成功
2025-11-23 19:45:20 - services.settings - INFO - 設定保存成功
2025-11-23 19:45:20 - services.settings - INFO - 設定載入成功
2025-11-23 19:45:20 - services.settings - INFO - 設定保存成功
2025-11-23 19:45:20 - services.settings - INFO - 設定載入成功
2025-11-23 19:45:20 - services.settings - INFO - 設定保存成功
2025-11-23 19:45:20 - services.settings - INFO - 設定載入成功
2025-11-23 19:45:20 - services.settings - INFO - 設定保存成功
2025-11-23 19:45:20 - services.settings - INFO - 設定載入成功
2025-11-23 19:45:20 - services.settings - INFO - 設定保存成功
2025-11-23 19:45:20 - services.settings - INFO - 設定載入成功
2025-11-23 19:45:20 - services.settings - INFO - 設定保存成功
2025-11-23 19:45:20 - services.settings - INFO - 設定載入成功
2025-11-23 19:45:20 - services.settings - INFO - 設定保存成功
2025-11-23 19:45:20 - services.settings - INFO - 設定載入成功
2025-11-23 19:45:20 - services.settings - INFO - 設定保存成功
2025-11-23 19:45:20 - services.settings - INFO - 設定載入成功
2025-11-23 19:45:20 - services.settings - INFO - 設定載入成功
2025-11-23 19:45:20 - services.settings - INFO - 設定保存成功
2025-11-23 19:45:20 - services.settings - INFO - 設定載入成功
2025-11-23 19:45:20 - services.settings - INFO - 設定保存成功
2025-11-23 19:45:20 - services.settings - INFO - 設定載入成功
2025-11-23 19:45:20 - services.settings - INFO - 設定保存成功
2025-11-23 19:45:20 - services.settings - INFO - 設定載入成功
2025-11-23 19:45:20 - services.settings - INFO - 設定保存成功
2025-11-23 19:45:20 - services.settings - INFO - 設定載入成功
2025-11-23 19:45:42 - services.settings - INFO - 設定載入成功
2025-11-23 19:45:42 - services.settings - INFO - 設定保存成功
2025-11-23 20:04:17 - root - INFO - 應用程式啟動 - 版本 2.5.0
2025-11-23 20:04:17 - services.settings - INFO - 設定載入成功
2025-11-23 20:04:17 - services.settings - INFO - 設定載入成功
2025-11-23 20:04:17 - services.settings - INFO - 設定保存成功
2025-11-23 20:04:17 - services.settings - INFO - 設定載入成功
2025-11-23 20:04:17 - services.settings - INFO - 設定保存成功
2025-11-23 20:04:17 - services.settings - INFO - 設定載入成功
2025-11-23 20:04:18 - services.settings - INFO - 設定保存成功
2025-11-23 20:04:18 - services.settings - INFO - 設定載入成功
2025-11-23 20:04:18 - services.settings - INFO - 設定保存成功
2025-11-23 20:04:18 - services.settings - INFO - 設定載入成功
2025-11-23 20:04:18 - services.settings - INFO - 設定保存成功
2025-11-23 20:04:18 - services.settings - INFO - 設定載入成功
2025-11-23 20:04:18 - services.settings - INFO - 設定保存成功
2025-11-23 20:04:18 - services.settings - INFO - 設定載入成功
2025-11-23 20:04:18 - services.settings - INFO - 設定保存成功
2025-11-23 20:04:18 - services.settings - INFO - 設定載入成功
2025-11-23 20:04:18 - services.settings - INFO - 設定保存成功
2025-11-23 20:04:18 - services.settings - INFO - 設定載入成功
2025-11-23 20:04:18 - services.settings - INFO - 設定載入成功
2025-11-23 20:04:18 - services.settings - INFO - 設定保存成功
2025-11-23 20:04:18 - services.settings - INFO - 設定載入成功
2025-11-23 20:04:18 - services.settings - INFO - 設定保存成功
2025-11-23 20:04:18 - services.settings - INFO - 設定載入成功
2025-11-23 20:04:18 - services.settings - INFO - 設定保存成功
2025-11-23 20:04:18 - services.settings - INFO - 設定載入成功
2025-11-23 20:04:18 - services.settings - INFO - 設定保存成功
2025-11-23 20:04:18 - services.settings - INFO - 設定載入成功
2025-11-23 20:04:35 - services.settings - INFO - 設定載入成功
2025-11-23 20:04:35 - services.settings - INFO - 設定保存成功
2025-11-23 20:11:53 - root - ERROR - 保存設置失敗: 'DownloadTab' object has no attribute 'get_download_path'
2025-11-23 20:11:53 - root - INFO - 應用程式正常關閉
2025-11-23 20:14:46 - root - INFO - 應用程式啟動 - 版本 2.5.0
2025-11-23 20:42:21 - root - INFO - 應用程式啟動 - 版本 2.5.0
2025-11-23 20:43:51 - root - INFO - 應用程式啟動 - 版本 2.5.0
2025-11-23 20:44:49 - root - INFO - 應用程式啟動 - 版本 2.5.0
2025-11-23 21:12:37 - root - INFO - 應用程式啟動 - 版本 2.5.0
2025-11-23 21:12:37 - services.settings - INFO - 設定載入成功
2025-11-23 21:12:37 - services.settings - INFO - 設定載入成功
2025-11-23 21:12:37 - services.settings - INFO - 設定保存成功
2025-11-23 21:12:37 - services.settings - INFO - 設定載入成功
2025-11-23 21:12:37 - services.settings - INFO - 設定保存成功
2025-11-23 21:12:37 - services.settings - INFO - 設定載入成功
2025-11-23 21:12:37 - services.settings - INFO - 設定保存成功
2025-11-23 21:12:37 - services.settings - INFO - 設定載入成功
2025-11-23 21:12:37 - services.settings - INFO - 設定保存成功
2025-11-23 21:12:37 - services.settings - INFO - 設定載入成功
2025-11-23 21:12:37 - services.settings - INFO - 設定保存成功
2025-11-23 21:12:37 - services.settings - INFO - 設定載入成功
2025-11-23 21:12:37 - services.settings - INFO - 設定保存成功
2025-11-23 21:12:37 - services.settings - INFO - 設定載入成功
2025-11-23 21:12:37 - services.settings - INFO - 設定保存成功
2025-11-23 21:12:37 - services.settings - INFO - 設定載入成功
2025-11-23 21:12:37 - services.settings - INFO - 設定保存成功
2025-11-23 21:12:38 - services.settings - INFO - 設定載入成功
2025-11-23 21:12:38 - services.settings - INFO - 設定載入成功
2025-11-23 21:12:38 - services.settings - INFO - 設定保存成功
2025-11-23 21:12:38 - services.settings - INFO - 設定載入成功
2025-11-23 21:12:38 - services.settings - INFO - 設定保存成功
2025-11-23 21:12:38 - services.settings - INFO - 設定載入成功
2025-11-23 21:12:38 - services.settings - INFO - 設定保存成功
2025-11-23 21:12:38 - services.settings - INFO - 設定載入成功
2025-11-23 21:12:38 - services.settings - INFO - 設定保存成功
2025-11-23 21:12:38 - services.settings - INFO - 設定載入成功
2025-11-23 21:12:49 - services.settings - INFO - 設定載入成功
2025-11-23 21:12:49 - services.settings - INFO - 設定保存成功
2025-11-23 21:12:57 - services.settings - INFO - 設定載入成功
2025-11-23 21:12:57 - services.settings - INFO - 設定保存成功
2025-11-23 21:13:15 - root - ERROR - 保存設置失敗: 'DownloadTab' object has no attribute 'get_download_path'
2025-11-23 21:13:15 - root - INFO - 應用程式正常關閉
2025-11-23 21:23:49 - root - INFO - 應用程式啟動 - 版本 2.5.0
2025-11-23 21:23:49 - services.settings - INFO - 設定載入成功
2025-11-23 21:23:49 - services.settings - INFO - 設定載入成功
2025-11-23 21:23:49 - services.settings - INFO - 設定保存成功
2025-11-23 21:23:49 - services.settings - INFO - 設定載入成功
2025-11-23 21:23:49 - services.settings - INFO - 設定保存成功
2025-11-23 21:23:49 - services.settings - INFO - 設定載入成功
2025-11-23 21:23:49 - services.settings - INFO - 設定保存成功
2025-11-23 21:23:49 - services.settings - INFO - 設定載入成功
2025-11-23 21:23:49 - services.settings - INFO - 設定保存成功
2025-11-23 21:23:49 - services.settings - INFO - 設定載入成功
2025-11-23 21:23:49 - services.settings - INFO - 設定保存成功
2025-11-23 21:23:49 - services.settings - INFO - 設定載入成功
2025-11-23 21:23:49 - services.settings - INFO - 設定保存成功
2025-11-23 21:23:49 - services.settings - INFO - 設定載入成功
2025-11-23 21:23:49 - services.settings - INFO - 設定保存成功
2025-11-23 21:23:49 - services.settings - INFO - 設定載入成功
2025-11-23 21:23:50 - services.settings - INFO - 設定保存成功
2025-11-23 21:23:50 - services.settings - INFO - 設定載入成功
2025-11-23 21:23:50 - services.settings - INFO - 設定載入成功
2025-11-23 21:23:50 - services.settings - INFO - 設定保存成功
2025-11-23 21:23:50 - services.settings - INFO - 設定載入成功
2025-11-23 21:23:50 - services.settings - INFO - 設定保存成功
2025-11-23 21:23:50 - services.settings - INFO - 設定載入成功
2025-11-23 21:23:50 - services.settings - INFO - 設定保存成功
2025-11-23 21:23:50 - services.settings - INFO - 設定載入成功
2025-11-23 21:23:50 - services.settings - INFO - 設定保存成功
2025-11-23 21:23:50 - services.settings - INFO - 設定載入成功
2025-11-23 21:25:12 - root - INFO - 應用程式啟動 - 版本 2.5.0
2025-11-23 21:25:12 - services.settings - INFO - 設定載入成功
2025-11-23 21:25:12 - services.settings - INFO - 設定載入成功
2025-11-23 21:25:12 - services.settings - INFO - 設定保存成功
2025-11-23 21:25:12 - services.settings - INFO - 設定載入成功
2025-11-23 21:25:12 - services.settings - INFO - 設定保存成功
2025-11-23 21:25:12 - services.settings - INFO - 設定載入成功
2025-11-23 21:25:12 - services.settings - INFO - 設定保存成功
2025-11-23 21:25:12 - services.settings - INFO - 設定載入成功
2025-11-23 21:25:12 - services.settings - INFO - 設定保存成功
2025-11-23 21:25:12 - services.settings - INFO - 設定載入成功
2025-11-23 21:25:12 - services.settings - INFO - 設定保存成功
2025-11-23 21:25:12 - services.settings - INFO - 設定載入成功
2025-11-23 21:25:12 - services.settings - INFO - 設定保存成功
2025-11-23 21:25:12 - services.settings - INFO - 設定載入成功
2025-11-23 21:25:12 - services.settings - INFO - 設定保存成功
2025-11-23 21:25:12 - services.settings - INFO - 設定載入成功
2025-11-23 21:25:12 - services.settings - INFO - 設定保存成功
2025-11-23 21:25:12 - services.settings - INFO - 設定載入成功
2025-11-23 21:25:12 - services.settings - INFO - 設定載入成功
2025-11-23 21:25:12 - services.settings - INFO - 設定保存成功
2025-11-23 21:25:12 - services.settings - INFO - 設定載入成功
2025-11-23 21:25:12 - services.settings - INFO - 設定保存成功
2025-11-23 21:25:12 - services.settings - INFO - 設定載入成功
2025-11-23 21:25:12 - services.settings - INFO - 設定保存成功
2025-11-23 21:25:12 - services.settings - INFO - 設定載入成功
2025-11-23 21:25:12 - services.settings - INFO - 設定保存成功
2025-11-23 21:25:12 - services.settings - INFO - 設定載入成功
2025-11-23 21:25:21 - services.settings - INFO - 設定載入成功
2025-11-23 21:25:21 - services.settings - INFO - 設定保存成功
2025-11-23 21:27:24 - root - ERROR - 保存設置失敗: 'DownloadTab' object has no attribute 'get_download_path'
2025-11-23 21:27:24 - root - INFO - 應用程式正常關閉
2025-11-23 21:31:06 - root - INFO - 應用程式啟動 - 版本 2.5.0
2025-11-23 21:31:06 - services.settings - INFO - 設定載入成功
2025-11-23 21:31:06 - services.settings - INFO - 設定載入成功
2025-11-23 21:31:06 - services.settings - INFO - 設定保存成功
2025-11-23 21:31:06 - services.settings - INFO - 設定載入成功
2025-11-23 21:31:06 - services.settings - INFO - 設定保存成功
2025-11-23 21:31:06 - services.settings - INFO - 設定載入成功
2025-11-23 21:31:06 - services.settings - INFO - 設定保存成功
2025-11-23 21:31:06 - services.settings - INFO - 設定載入成功
2025-11-23 21:31:06 - services.settings - INFO - 設定保存成功
2025-11-23 21:31:06 - services.settings - INFO - 設定載入成功
2025-11-23 21:31:06 - services.settings - INFO - 設定保存成功
2025-11-23 21:31:06 - services.settings - INFO - 設定載入成功
2025-11-23 21:31:06 - services.settings - INFO - 設定保存成功
2025-11-23 21:31:06 - services.settings - INFO - 設定載入成功
2025-11-23 21:31:06 - services.settings - INFO - 設定保存成功
2025-11-23 21:31:06 - services.settings - INFO - 設定載入成功
2025-11-23 21:31:06 - services.settings - INFO - 設定保存成功
2025-11-23 21:31:06 - services.settings - INFO - 設定載入成功
2025-11-23 21:31:06 - services.settings - INFO - 設定載入成功
2025-11-23 21:31:06 - services.settings - INFO - 設定保存成功
2025-11-23 21:31:06 - services.settings - INFO - 設定載入成功
2025-11-23 21:31:06 - services.settings - INFO - 設定保存成功
2025-11-23 21:31:06 - services.settings - INFO - 設定載入成功
2025-11-23 21:31:06 - services.settings - INFO - 設定保存成功
2025-11-23 21:31:06 - services.settings - INFO - 設定載入成功
2025-11-23 21:31:06 - services.settings - INFO - 設定保存成功
2025-11-23 21:31:06 - services.settings - INFO - 設定載入成功
2025-11-23 21:32:15 - root - ERROR - 保存設置失敗: 'DownloadTab' object has no attribute 'get_download_path'
2025-11-23 21:32:15 - root - INFO - 應用程式正常關閉
2025-11-23 22:02:03 - root - INFO - 應用程式啟動 - 版本 2.5.0
2025-11-23 22:02:04 - services.settings - INFO - 設定載入成功
2025-11-23 22:02:04 - services.settings - INFO - 設定載入成功
2025-11-23 22:02:04 - services.settings - INFO - 設定保存成功
2025-11-23 22:02:04 - services.settings - INFO - 設定載入成功
2025-11-23 22:02:04 - services.settings - INFO - 設定保存成功
2025-11-23 22:02:04 - services.settings - INFO - 設定載入成功
2025-11-23 22:02:04 - services.settings - INFO - 設定保存成功
2025-11-23 22:02:04 - services.settings - INFO - 設定載入成功
2025-11-23 22:02:04 - services.settings - INFO - 設定保存成功
2025-11-23 22:02:04 - services.settings - INFO - 設定載入成功
2025-11-23 22:02:04 - services.settings - INFO - 設定保存成功
2025-11-23 22:02:04 - services.settings - INFO - 設定載入成功
2025-11-23 22:02:04 - services.settings - INFO - 設定保存成功
2025-11-23 22:02:04 - services.settings - INFO - 設定載入成功
2025-11-23 22:02:04 - services.settings - INFO - 設定保存成功
2025-11-23 22:02:04 - services.settings - INFO - 設定載入成功
2025-11-23 22:02:04 - services.settings - INFO - 設定保存成功
2025-11-23 22:02:04 - services.settings - INFO - 設定載入成功
2025-11-23 22:02:04 - services.settings - INFO - 設定載入成功
2025-11-23 22:02:04 - services.settings - INFO - 設定保存成功
2025-11-23 22:02:04 - services.settings - INFO - 設定載入成功
2025-11-23 22:02:04 - services.settings - INFO - 設定保存成功
2025-11-23 22:02:04 - services.settings - INFO - 設定載入成功
2025-11-23 22:02:04 - services.settings - INFO - 設定保存成功
2025-11-23 22:02:04 - services.settings - INFO - 設定載入成功
2025-11-23 22:02:04 - services.settings - INFO - 設定保存成功
2025-11-23 22:02:04 - services.settings - INFO - 設定載入成功
2025-11-23 22:02:13 - services.ffmpeg_manager - WARNING - 未找到 FFmpeg
2025-11-23 23:11:48 - root - INFO - 應用程式啟動 - 版本 2.5.0
2025-11-23 23:11:48 - services.settings - INFO - 設定載入成功
2025-11-23 23:11:48 - services.settings - INFO - 設定載入成功
2025-11-23 23:11:48 - services.settings - INFO - 設定保存成功
2025-11-23 23:11:48 - services.settings - INFO - 設定載入成功
2025-11-23 23:11:48 - services.settings - INFO - 設定保存成功
2025-11-23 23:11:48 - services.settings - INFO - 設定載入成功
2025-11-23 23:11:48 - services.settings - INFO - 設定保存成功
2025-11-23 23:11:48 - services.settings - INFO - 設定載入成功
2025-11-23 23:11:48 - services.settings - INFO - 設定保存成功
2025-11-23 23:11:48 - services.settings - INFO - 設定載入成功
2025-11-23 23:11:48 - services.settings - INFO - 設定保存成功
2025-11-23 23:11:48 - services.settings - INFO - 設定載入成功
2025-11-23 23:11:48 - services.settings - INFO - 設定保存成功
2025-11-23 23:11:48 - services.settings - INFO - 設定載入成功
2025-11-23 23:11:48 - services.settings - INFO - 設定保存成功
2025-11-23 23:11:48 - services.settings - INFO - 設定載入成功
2025-11-23 23:11:48 - services.settings - INFO - 設定保存成功
2025-11-23 23:11:48 - services.settings - INFO - 設定載入成功
2025-11-23 23:11:48 - services.settings - INFO - 設定載入成功
2025-11-23 23:11:48 - services.settings - INFO - 設定保存成功
2025-11-23 23:11:48 - services.settings - INFO - 設定載入成功
2025-11-23 23:11:48 - services.settings - INFO - 設定保存成功
2025-11-23 23:11:48 - services.settings - INFO - 設定載入成功
2025-11-23 23:11:48 - services.settings - INFO - 設定保存成功
2025-11-23 23:11:48 - services.settings - INFO - 設定載入成功
2025-11-23 23:11:48 - services.settings - INFO - 設定保存成功
2025-11-23 23:11:48 - services.settings - INFO - 設定載入成功
2025-11-23 23:12:01 - services.ffmpeg_manager - WARNING - 未找到 FFmpeg
2025-11-23 23:12:05 - services.downloader - ERROR - 獲取視頻資訊失敗: [0;31mERROR:[0m Unsupported URL: https://www.douyin.com/jingxuan?modal_id=7575116795107953947
2025-11-23 23:12:05 - services.downloader - ERROR - 下載失敗: 無法獲取視頻資訊: [0;31mERROR:[0m Unsupported URL: https://www.douyin.com/jingxuan?modal_id=7575116795107953947
2025-11-23 23:12:16 - root - ERROR - 保存設置失敗: 'DownloadTab' object has no attribute 'get_download_path'
2025-11-23 23:12:16 - root - INFO - 應用程式正常關閉
2025-11-23 23:12:19 - root - ERROR - 保存設置失敗: 'DownloadTab' object has no attribute 'get_download_path'
2025-11-23 23:12:19 - root - INFO - 應用程式正常關閉
2025-11-23 23:19:06 - root - INFO - 應用程式啟動 - 版本 2.5.0
2025-11-23 23:19:06 - services.settings - INFO - 設定載入成功
2025-11-23 23:19:06 - services.settings - INFO - 設定載入成功
2025-11-23 23:19:06 - services.settings - INFO - 設定保存成功
2025-11-23 23:19:06 - services.settings - INFO - 設定載入成功
2025-11-23 23:19:06 - services.settings - INFO - 設定保存成功
2025-11-23 23:19:06 - services.settings - INFO - 設定載入成功
2025-11-23 23:19:06 - services.settings - INFO - 設定保存成功
2025-11-23 23:19:06 - services.settings - INFO - 設定載入成功
2025-11-23 23:19:06 - services.settings - INFO - 設定保存成功
2025-11-23 23:19:06 - services.settings - INFO - 設定載入成功
2025-11-23 23:19:06 - services.settings - INFO - 設定保存成功
2025-11-23 23:19:06 - services.settings - INFO - 設定載入成功
2025-11-23 23:19:06 - services.settings - INFO - 設定保存成功
2025-11-23 23:19:06 - services.settings - INFO - 設定載入成功
2025-11-23 23:19:06 - services.settings - INFO - 設定保存成功
2025-11-23 23:19:06 - services.settings - INFO - 設定載入成功
2025-11-23 23:19:06 - services.settings - INFO - 設定保存成功
2025-11-23 23:19:06 - services.settings - INFO - 設定載入成功
2025-11-23 23:19:06 - services.settings - INFO - 設定載入成功
2025-11-23 23:19:06 - services.settings - INFO - 設定保存成功
2025-11-23 23:19:06 - services.settings - INFO - 設定載入成功
2025-11-23 23:19:06 - services.settings - INFO - 設定保存成功
2025-11-23 23:19:06 - services.settings - INFO - 設定載入成功
2025-11-23 23:19:06 - services.settings - INFO - 設定保存成功
2025-11-23 23:19:06 - services.settings - INFO - 設定載入成功
2025-11-23 23:19:06 - services.settings - INFO - 設定保存成功
2025-11-23 23:19:06 - services.settings - INFO - 設定載入成功
2025-11-23 23:19:10 - services.ffmpeg_manager - WARNING - 未找到 FFmpeg
2025-11-23 23:19:14 - services.downloader - ERROR - 獲取視頻資訊失敗: [0;31mERROR:[0m Unsupported URL: https://www.douyin.com/jingxuan?modal_id=7575116795107953947
2025-11-23 23:19:14 - services.downloader - ERROR - 下載失敗: 無法獲取視頻資訊: [0;31mERROR:[0m Unsupported URL: https://www.douyin.com/jingxuan?modal_id=7575116795107953947
2025-11-23 23:19:18 - services.settings - INFO - 設定載入成功
2025-11-23 23:19:18 - services.settings - INFO - 設定保存成功
2025-11-23 23:19:18 - services.ffmpeg_manager - WARNING - 未找到 FFmpeg
2025-11-23 23:19:21 - services.downloader - ERROR - 獲取視頻資訊失敗: [0;31mERROR:[0m Unsupported URL: https://www.douyin.com/jingxuan?modal_id=7575116795107953947
2025-11-23 23:19:21 - services.downloader - ERROR - 下載失敗: 無法獲取視頻資訊: [0;31mERROR:[0m Unsupported URL: https://www.douyin.com/jingxuan?modal_id=7575116795107953947
2025-11-23 23:19:53 - services.ffmpeg_manager - WARNING - 未找到 FFmpeg
2025-11-23 23:20:48 - services.settings - INFO - 設定保存成功
2025-11-23 23:20:48 - root - INFO - 應用程式正常關閉
2026-01-05 19:36:44 - root - INFO - 應用程式啟動 - 版本 2.5.0
2026-01-05 20:05:08 - root - INFO - 應用程式啟動 - 版本 2.5.0
2026-01-05 20:05:08 - services.settings - INFO - 設定載入成功
2026-01-05 20:05:08 - services.settings - INFO - 設定載入成功
2026-01-05 20:05:08 - services.settings - INFO - 設定保存成功
2026-01-05 20:05:08 - services.settings - INFO - 設定載入成功
2026-01-05 20:05:08 - services.settings - INFO - 設定保存成功
2026-01-05 20:05:08 - services.settings - INFO - 設定載入成功
2026-01-05 20:05:08 - services.settings - INFO - 設定保存成功
2026-01-05 20:05:08 - services.settings - INFO - 設定載入成功
2026-01-05 20:05:08 - services.settings - INFO - 設定保存成功
2026-01-05 20:05:08 - services.settings - INFO - 設定載入成功
2026-01-05 20:05:08 - services.settings - INFO - 設定保存成功
2026-01-05 20:05:08 - services.settings - INFO - 設定載入成功
2026-01-05 20:05:08 - services.settings - INFO - 設定保存成功
2026-01-05 20:05:08 - services.settings - INFO - 設定載入成功
2026-01-05 20:05:08 - services.settings - INFO - 設定保存成功
2026-01-05 20:05:08 - services.settings - INFO - 設定載入成功
2026-01-05 20:05:08 - services.settings - INFO - 設定保存成功
2026-01-05 20:05:08 - services.settings - INFO - 設定載入成功
2026-01-05 20:05:08 - services.settings - INFO - 設定載入成功
2026-01-05 20:05:08 - services.settings - INFO - 設定保存成功
2026-01-05 20:05:08 - services.settings - INFO - 設定載入成功
2026-01-05 20:05:08 - services.settings - INFO - 設定保存成功
2026-01-05 20:05:08 - services.settings - INFO - 設定載入成功
2026-01-05 20:05:08 - services.settings - INFO - 設定保存成功
2026-01-05 20:05:08 - services.settings - INFO - 設定載入成功
2026-01-05 20:05:08 - services.settings - INFO - 設定保存成功
2026-01-05 20:05:08 - services.settings - INFO - 設定載入成功
2026-01-05 20:08:52 - services.settings - INFO - 設定保存成功
2026-01-05 20:08:52 - root - INFO - 應用程式正常關閉
2026-01-05 20:08:56 - root - INFO - 應用程式啟動 - 版本 2.5.0
2026-01-05 20:08:56 - services.settings - INFO - 設定載入成功
2026-01-05 20:08:56 - services.settings - INFO - 設定載入成功
2026-01-05 20:08:56 - services.settings - INFO - 設定保存成功
2026-01-05 20:08:56 - services.settings - INFO - 設定載入成功
2026-01-05 20:08:56 - services.settings - INFO - 設定保存成功
2026-01-05 20:08:56 - services.settings - INFO - 設定載入成功
2026-01-05 20:08:56 - services.settings - INFO - 設定保存成功
2026-01-05 20:08:56 - services.settings - INFO - 設定載入成功
2026-01-05 20:08:56 - services.settings - INFO - 設定保存成功
2026-01-05 20:08:56 - services.settings - INFO - 設定載入成功
2026-01-05 20:08:56 - services.settings - INFO - 設定保存成功
2026-01-05 20:08:56 - services.settings - INFO - 設定載入成功
2026-01-05 20:08:56 - services.settings - INFO - 設定保存成功
2026-01-05 20:08:56 - services.settings - INFO - 設定載入成功
2026-01-05 20:08:56 - services.settings - INFO - 設定保存成功
2026-01-05 20:08:56 - services.settings - INFO - 設定載入成功
2026-01-05 20:08:56 - services.settings - INFO - 設定保存成功
2026-01-05 20:08:56 - services.settings - INFO - 設定載入成功
2026-01-05 20:08:56 - services.settings - INFO - 設定載入成功
2026-01-05 20:08:56 - services.settings - INFO - 設定保存成功
2026-01-05 20:08:56 - services.settings - INFO - 設定載入成功
2026-01-05 20:08:56 - services.settings - INFO - 設定保存成功
2026-01-05 20:08:56 - services.settings - INFO - 設定載入成功
2026-01-05 20:08:56 - services.settings - INFO - 設定保存成功
2026-01-05 20:08:56 - services.settings - INFO - 設定載入成功
2026-01-05 20:08:56 - services.settings - INFO - 設定保存成功
2026-01-05 20:08:56 - services.settings - INFO - 設定載入成功
2026-01-05 20:14:06 - services.settings - INFO - 設定保存成功
2026-01-05 20:14:06 - root - INFO - 應用程式正常關閉
2026-01-05 20:14:44 - root - INFO - 應用程式啟動 - 版本 2.5.0
2026-01-05 20:14:45 - services.settings - INFO - 設定載入成功
2026-01-05 20:14:45 - services.settings - INFO - 設定載入成功
2026-01-05 20:14:45 - services.settings - INFO - 設定保存成功
2026-01-05 20:14:45 - services.settings - INFO - 設定載入成功
2026-01-05 20:14:45 - services.settings - INFO - 設定保存成功
2026-01-05 20:14:45 - services.settings - INFO - 設定載入成功
2026-01-05 20:14:45 - services.settings - INFO - 設定保存成功
2026-01-05 20:14:45 - services.settings - INFO - 設定載入成功
2026-01-05 20:14:45 - services.settings - INFO - 設定保存成功
2026-01-05 20:14:45 - services.settings - INFO - 設定載入成功
2026-01-05 20:14:45 - services.settings - INFO - 設定保存成功
2026-01-05 20:14:45 - services.settings - INFO - 設定載入成功
2026-01-05 20:14:45 - services.settings - INFO - 設定保存成功
2026-01-05 20:14:45 - services.settings - INFO - 設定載入成功
2026-01-05 20:14:45 - services.settings - INFO - 設定保存成功
2026-01-05 20:14:45 - services.settings - INFO - 設定載入成功
2026-01-05 20:14:45 - services.settings - INFO - 設定保存成功
2026-01-05 20:14:45 - services.settings - INFO - 設定載入成功
2026-01-05 20:14:45 - services.settings - INFO - 設定載入成功
2026-01-05 20:14:45 - services.settings - INFO - 設定保存成功
2026-01-05 20:14:45 - services.settings - INFO - 設定載入成功
2026-01-05 20:14:45 - services.settings - INFO - 設定保存成功
2026-01-05 20:14:45 - services.settings - INFO - 設定載入成功
2026-01-05 20:14:45 - services.settings - INFO - 設定保存成功
2026-01-05 20:14:45 - services.settings - INFO - 設定載入成功
2026-01-05 20:14:45 - services.settings - INFO - 設定保存成功
2026-01-05 20:14:45 - services.settings - INFO - 設定載入成功
2026-01-05 20:14:54 - services.settings - INFO - 設定載入成功
2026-01-05 20:14:54 - services.settings - INFO - 設定保存成功
2026-01-05 20:14:57 - services.settings - INFO - 設定載入成功
2026-01-05 20:14:57 - services.settings - INFO - 設定保存成功
2026-01-05 20:14:59 - services.ffmpeg_manager - WARNING - 未找到 FFmpeg
2026-01-05 20:15:33 - services.settings - INFO - 設定保存成功
2026-01-05 20:15:33 - root - INFO - 應用程式正常關閉
2026-01-05 20:17:24 - root - INFO - 應用程式啟動 - 版本 2.5.0
2026-01-05 20:17:24 - services.settings - INFO - 設定載入成功
2026-01-05 20:17:24 - services.settings - INFO - 設定載入成功
2026-01-05 20:17:24 - services.settings - INFO - 設定保存成功
2026-01-05 20:17:24 - services.settings - INFO - 設定載入成功
2026-01-05 20:17:24 - services.settings - INFO - 設定保存成功
2026-01-05 20:17:24 - services.settings - INFO - 設定載入成功
2026-01-05 20:17:24 - services.settings - INFO - 設定保存成功
2026-01-05 20:17:24 - services.settings - INFO - 設定載入成功
2026-01-05 20:17:24 - services.settings - INFO - 設定保存成功
2026-01-05 20:17:24 - services.settings - INFO - 設定載入成功
2026-01-05 20:17:24 - services.settings - INFO - 設定保存成功
2026-01-05 20:17:24 - services.settings - INFO - 設定載入成功
2026-01-05 20:17:24 - services.settings - INFO - 設定保存成功
2026-01-05 20:17:24 - services.settings - INFO - 設定載入成功
2026-01-05 20:17:24 - services.settings - INFO - 設定保存成功
2026-01-05 20:17:24 - services.settings - INFO - 設定載入成功
2026-01-05 20:17:24 - services.settings - INFO - 設定保存成功
2026-01-05 20:17:24 - services.settings - INFO - 設定載入成功
2026-01-05 20:17:24 - services.settings - INFO - 設定載入成功
2026-01-05 20:17:24 - services.settings - INFO - 設定保存成功
2026-01-05 20:17:24 - services.settings - INFO - 設定載入成功
2026-01-05 20:17:24 - services.settings - INFO - 設定保存成功
2026-01-05 20:17:24 - services.settings - INFO - 設定載入成功
2026-01-05 20:17:24 - services.settings - INFO - 設定保存成功
2026-01-05 20:17:24 - services.settings - INFO - 設定載入成功
2026-01-05 20:17:24 - services.settings - INFO - 設定保存成功
2026-01-05 20:17:24 - services.settings - INFO - 設定載入成功
2026-01-05 20:17:33 - services.settings - INFO - 設定載入成功
2026-01-05 20:17:33 - services.settings - INFO - 設定保存成功
2026-01-05 20:17:36 - services.settings - INFO - 設定載入成功
2026-01-05 20:17:36 - services.settings - INFO - 設定保存成功
2026-01-05 20:17:37 - services.ffmpeg_manager - WARNING - 未找到 FFmpeg
2026-01-05 20:17:47 - services.ffmpeg_manager - WARNING - 未找到 FFmpeg
2026-01-05 20:17:48 - services.settings - INFO - 設定載入成功
2026-01-05 20:17:49 - services.settings - INFO - 設定保存成功
2026-01-05 20:17:58 - services.settings - INFO - 設定載入成功
2026-01-05 20:17:58 - services.settings - INFO - 設定保存成功
2026-01-05 20:18:01 - services.ffmpeg_manager - WARNING - 未找到 FFmpeg
2026-01-05 20:19:46 - services.settings - INFO - 設定保存成功
2026-01-05 20:19:46 - root - INFO - 應用程式正常關閉
2026-01-05 20:20:05 - root - INFO - 應用程式啟動 - 版本 2.5.0
2026-01-05 20:20:05 - services.settings - INFO - 設定載入成功
2026-01-05 20:20:05 - services.settings - INFO - 設定載入成功
2026-01-05 20:20:05 - services.settings - INFO - 設定保存成功
2026-01-05 20:20:05 - services.settings - INFO - 設定載入成功
2026-01-05 20:20:05 - services.settings - INFO - 設定保存成功
2026-01-05 20:20:05 - services.settings - INFO - 設定載入成功
2026-01-05 20:20:05 - services.settings - INFO - 設定保存成功
2026-01-05 20:20:05 - services.settings - INFO - 設定載入成功
2026-01-05 20:20:05 - services.settings - INFO - 設定保存成功
2026-01-05 20:20:05 - services.settings - INFO - 設定載入成功
2026-01-05 20:20:05 - services.settings - INFO - 設定保存成功
2026-01-05 20:20:05 - services.settings - INFO - 設定載入成功
2026-01-05 20:20:05 - services.settings - INFO - 設定保存成功
2026-01-05 20:20:05 - services.settings - INFO - 設定載入成功
2026-01-05 20:20:05 - services.settings - INFO - 設定保存成功
2026-01-05 20:20:05 - services.settings - INFO - 設定載入成功
2026-01-05 20:20:05 - services.settings - INFO - 設定保存成功
2026-01-05 20:20:05 - services.settings - INFO - 設定載入成功
2026-01-05 20:20:05 - services.settings - INFO - 設定載入成功
2026-01-05 20:20:05 - services.settings - INFO - 設定保存成功
2026-01-05 20:20:05 - services.settings - INFO - 設定載入成功
2026-01-05 20:20:05 - services.settings - INFO - 設定保存成功
2026-01-05 20:20:05 - services.settings - INFO - 設定載入成功
2026-01-05 20:20:05 - services.settings - INFO - 設定保存成功
2026-01-05 20:20:05 - services.settings - INFO - 設定載入成功
2026-01-05 20:20:05 - services.settings - INFO - 設定保存成功
2026-01-05 20:20:05 - services.settings - INFO - 設定載入成功
2026-01-05 20:20:13 - services.settings - INFO - 設定載入成功
2026-01-05 20:20:13 - services.settings - INFO - 設定保存成功
2026-01-05 20:20:16 - services.settings - INFO - 設定載入成功
2026-01-05 20:20:16 - services.settings - INFO - 設定保存成功
2026-01-05 20:20:17 - services.ffmpeg_manager - WARNING - 未找到 FFmpeg
2026-01-05 20:20:21 - services.ffmpeg_manager - WARNING - 未找到 FFmpeg
2026-01-05 20:20:21 - services.ffmpeg_manager - INFO - 開始下載 FFmpeg...
2026-01-05 20:20:43 - services.ffmpeg_manager - INFO - FFmpeg 下載完成，開始解壓...
2026-01-05 20:20:45 - services.ffmpeg_manager - INFO - 找到本地 FFmpeg: M:\PYTHON\YT_DOWNLOADER3\assets/ffmpeg/ffmpeg.exe
2026-01-05 20:20:45 - services.ffmpeg_manager - INFO - FFmpeg 安裝成功
2026-01-05 20:20:51 - services.ffmpeg_manager - INFO - 找到本地 FFmpeg: M:\PYTHON\YT_DOWNLOADER3\assets/ffmpeg/ffmpeg.exe
2026-01-05 20:20:51 - services.ffmpeg_manager - INFO - 找到本地 FFmpeg: M:\PYTHON\YT_DOWNLOADER3\assets/ffmpeg/ffmpeg.exe
2026-01-05 20:22:45 - services.settings - INFO - 設定保存成功
2026-01-05 20:22:45 - root - INFO - 應用程式正常關閉
2026-01-05 20:23:07 - root - INFO - 應用程式啟動 - 版本 2.5.0
2026-01-05 20:23:08 - services.settings - INFO - 設定載入成功
2026-01-05 20:23:08 - services.settings - INFO - 設定載入成功
2026-01-05 20:23:08 - services.settings - INFO - 設定保存成功
2026-01-05 20:23:08 - services.settings - INFO - 設定載入成功
2026-01-05 20:23:08 - services.settings - INFO - 設定保存成功
2026-01-05 20:23:08 - services.settings - INFO - 設定載入成功
2026-01-05 20:23:08 - services.settings - INFO - 設定保存成功
2026-01-05 20:23:08 - services.settings - INFO - 設定載入成功
2026-01-05 20:23:08 - services.settings - INFO - 設定保存成功
2026-01-05 20:23:08 - services.settings - INFO - 設定載入成功
2026-01-05 20:23:08 - services.settings - INFO - 設定保存成功
2026-01-05 20:23:08 - services.settings - INFO - 設定載入成功
2026-01-05 20:23:08 - services.settings - INFO - 設定保存成功
2026-01-05 20:23:08 - services.settings - INFO - 設定載入成功
2026-01-05 20:23:08 - services.settings - INFO - 設定保存成功
2026-01-05 20:23:08 - services.settings - INFO - 設定載入成功
2026-01-05 20:23:08 - services.settings - INFO - 設定保存成功
2026-01-05 20:23:08 - services.settings - INFO - 設定載入成功
2026-01-05 20:23:08 - services.settings - INFO - 設定載入成功
2026-01-05 20:23:08 - services.settings - INFO - 設定保存成功
2026-01-05 20:23:08 - services.settings - INFO - 設定載入成功
2026-01-05 20:23:08 - services.settings - INFO - 設定保存成功
2026-01-05 20:23:08 - services.settings - INFO - 設定載入成功
2026-01-05 20:23:08 - services.settings - INFO - 設定保存成功
2026-01-05 20:23:08 - services.settings - INFO - 設定載入成功
2026-01-05 20:23:08 - services.settings - INFO - 設定保存成功
2026-01-05 20:23:08 - services.settings - INFO - 設定載入成功
2026-01-05 20:23:16 - services.settings - INFO - 設定載入成功
2026-01-05 20:23:16 - services.settings - INFO - 設定保存成功
2026-01-05 20:23:19 - services.ffmpeg_manager - INFO - 找到本地 FFmpeg: M:\PYTHON\YT_DOWNLOADER3\assets/ffmpeg/ffmpeg.exe
2026-01-05 20:23:19 - services.ffmpeg_manager - INFO - 找到本地 FFmpeg: M:\PYTHON\YT_DOWNLOADER3\assets/ffmpeg/ffmpeg.exe
2026-01-05 20:25:05 - services.settings - INFO - 設定保存成功
2026-01-05 20:25:05 - root - INFO - 應用程式正常關閉
2026-01-05 20:40:03 - root - INFO - 應用程式啟動 - 版本 2.5.0
2026-01-05 20:40:04 - services.settings - INFO - 設定載入成功
2026-01-05 20:40:04 - services.settings - INFO - 設定載入成功
2026-01-05 20:40:04 - services.settings - INFO - 設定保存成功
2026-01-05 20:40:04 - services.settings - INFO - 設定載入成功
2026-01-05 20:40:04 - services.settings - INFO - 設定保存成功
2026-01-05 20:40:04 - services.settings - INFO - 設定載入成功
2026-01-05 20:40:04 - services.settings - INFO - 設定保存成功
2026-01-05 20:40:04 - services.settings - INFO - 設定載入成功
2026-01-05 20:40:04 - services.settings - INFO - 設定保存成功
2026-01-05 20:40:04 - services.settings - INFO - 設定載入成功
2026-01-05 20:40:04 - services.settings - INFO - 設定保存成功
2026-01-05 20:40:04 - services.settings - INFO - 設定載入成功
2026-01-05 20:40:04 - services.settings - INFO - 設定保存成功
2026-01-05 20:40:04 - services.settings - INFO - 設定載入成功
2026-01-05 20:40:04 - services.settings - INFO - 設定保存成功
2026-01-05 20:40:04 - services.settings - INFO - 設定載入成功
2026-01-05 20:40:04 - services.settings - INFO - 設定保存成功
2026-01-05 20:40:04 - services.settings - INFO - 設定載入成功
2026-01-05 20:40:04 - services.settings - INFO - 設定載入成功
2026-01-05 20:40:04 - services.settings - INFO - 設定保存成功
2026-01-05 20:40:04 - services.settings - INFO - 設定載入成功
2026-01-05 20:40:04 - services.settings - INFO - 設定保存成功
2026-01-05 20:40:04 - services.settings - INFO - 設定載入成功
2026-01-05 20:40:04 - services.settings - INFO - 設定保存成功
2026-01-05 20:40:04 - services.settings - INFO - 設定載入成功
2026-01-05 20:40:04 - services.settings - INFO - 設定保存成功
2026-01-05 20:40:04 - services.settings - INFO - 設定載入成功
2026-01-05 20:40:16 - services.settings - INFO - 設定載入成功
2026-01-05 20:40:16 - services.settings - INFO - 設定保存成功
2026-01-05 20:40:18 - services.settings - INFO - 設定載入成功
2026-01-05 20:40:18 - services.settings - INFO - 設定保存成功
2026-01-05 20:40:20 - services.ffmpeg_manager - INFO - 找到本地 FFmpeg: M:\PYTHON\YT_DOWNLOADER3\assets/ffmpeg/ffmpeg.exe
2026-01-05 20:40:20 - services.ffmpeg_manager - INFO - 找到本地 FFmpeg: M:\PYTHON\YT_DOWNLOADER3\assets/ffmpeg/ffmpeg.exe
2026-01-05 20:47:49 - services.settings - INFO - 設定保存成功
2026-01-05 20:47:49 - root - INFO - 應用程式正常關閉
2026-01-05 20:52:00 - root - INFO - 應用程式啟動 - 版本 2.5.0
2026-01-05 21:07:54 - root - INFO - 應用程式啟動 - 版本 2.5.0
2026-01-05 21:07:54 - services.settings - INFO - 設定載入成功
2026-01-05 21:07:54 - services.settings - INFO - 設定載入成功
2026-01-05 21:07:54 - services.settings - INFO - 設定保存成功
2026-01-05 21:07:54 - services.settings - INFO - 設定載入成功
2026-01-05 21:07:54 - services.settings - INFO - 設定保存成功
2026-01-05 21:07:54 - services.settings - INFO - 設定載入成功
2026-01-05 21:07:54 - services.settings - INFO - 設定保存成功
2026-01-05 21:07:55 - services.settings - INFO - 設定載入成功
2026-01-05 21:07:55 - services.settings - INFO - 設定保存成功
2026-01-05 21:07:55 - services.settings - INFO - 設定載入成功
2026-01-05 21:07:55 - services.settings - INFO - 設定保存成功
2026-01-05 21:07:55 - services.settings - INFO - 設定載入成功
2026-01-05 21:07:55 - services.settings - INFO - 設定保存成功
2026-01-05 21:07:55 - services.settings - INFO - 設定載入成功
2026-01-05 21:07:55 - services.settings - INFO - 設定保存成功
2026-01-05 21:07:55 - services.settings - INFO - 設定載入成功
2026-01-05 21:07:55 - services.settings - INFO - 設定保存成功
2026-01-05 21:07:55 - services.settings - INFO - 設定載入成功
2026-01-05 21:07:55 - services.settings - INFO - 設定保存成功
2026-01-05 21:07:55 - services.settings - INFO - 設定載入成功
2026-01-05 21:07:55 - services.settings - INFO - 設定載入成功
2026-01-05 21:07:55 - services.settings - INFO - 設定保存成功
2026-01-05 21:07:55 - services.settings - INFO - 設定載入成功
2026-01-05 21:07:55 - services.settings - INFO - 設定保存成功
2026-01-05 21:07:55 - services.settings - INFO - 設定載入成功
2026-01-05 21:07:55 - services.settings - INFO - 設定保存成功
2026-01-05 21:07:55 - services.settings - INFO - 設定載入成功
2026-01-05 21:07:55 - services.settings - INFO - 設定保存成功
2026-01-05 21:07:55 - services.settings - INFO - 設定載入成功
2026-01-05 21:08:44 - services.settings - INFO - 設定載入成功
2026-01-05 21:08:44 - services.settings - INFO - 設定保存成功
2026-01-05 21:08:47 - services.ffmpeg_manager - INFO - 找到本地 FFmpeg: M:\PYTHON\YT_DOWNLOADER3\assets/ffmpeg/ffmpeg.exe
2026-01-05 21:08:47 - services.ffmpeg_manager - INFO - 找到本地 FFmpeg: M:\PYTHON\YT_DOWNLOADER3\assets/ffmpeg/ffmpeg.exe
2026-01-05 21:11:27 - services.settings - INFO - 設定保存成功
2026-01-05 21:11:27 - root - INFO - 應用程式正常關閉
2026-01-05 21:20:49 - root - INFO - 應用程式啟動 - 版本 2.5.0
2026-01-05 21:23:05 - root - INFO - 應用程式啟動 - 版本 2.5.0
2026-01-05 21:23:05 - services.settings - INFO - 設定載入成功
2026-01-05 21:23:05 - services.settings - INFO - 設定載入成功
2026-01-05 21:23:05 - services.settings - INFO - 設定保存成功
2026-01-05 21:23:05 - services.settings - INFO - 設定載入成功
2026-01-05 21:23:05 - services.settings - INFO - 設定保存成功
2026-01-05 21:23:05 - services.settings - INFO - 設定載入成功
2026-01-05 21:23:05 - services.settings - INFO - 設定保存成功
2026-01-05 21:23:05 - services.settings - INFO - 設定載入成功
2026-01-05 21:23:05 - services.settings - INFO - 設定保存成功
2026-01-05 21:23:05 - services.settings - INFO - 設定載入成功
2026-01-05 21:23:05 - services.settings - INFO - 設定保存成功
2026-01-05 21:23:05 - services.settings - INFO - 設定載入成功
2026-01-05 21:23:05 - services.settings - INFO - 設定保存成功
2026-01-05 21:23:05 - services.settings - INFO - 設定載入成功
2026-01-05 21:23:05 - services.settings - INFO - 設定保存成功
2026-01-05 21:23:05 - services.settings - INFO - 設定載入成功
2026-01-05 21:23:05 - services.settings - INFO - 設定保存成功
2026-01-05 21:23:05 - services.settings - INFO - 設定載入成功
2026-01-05 21:23:05 - services.settings - INFO - 設定保存成功
2026-01-05 21:23:05 - services.settings - INFO - 設定載入成功
2026-01-05 21:23:05 - services.settings - INFO - 設定載入成功
2026-01-05 21:23:05 - services.settings - INFO - 設定保存成功
2026-01-05 21:23:05 - services.settings - INFO - 設定載入成功
2026-01-05 21:23:05 - services.settings - INFO - 設定保存成功
2026-01-05 21:23:05 - services.settings - INFO - 設定載入成功
2026-01-05 21:23:05 - services.settings - INFO - 設定保存成功
2026-01-05 21:23:05 - services.settings - INFO - 設定載入成功
2026-01-05 21:23:05 - services.settings - INFO - 設定保存成功
2026-01-05 21:23:05 - services.settings - INFO - 設定載入成功
2026-01-05 21:23:29 - services.settings - INFO - 設定載入成功
2026-01-05 21:23:29 - services.settings - INFO - 設定保存成功
2026-01-05 21:23:31 - services.settings - INFO - 設定載入成功
2026-01-05 21:23:31 - services.settings - INFO - 設定保存成功
2026-01-05 21:23:34 - services.ffmpeg_manager - INFO - 找到本地 FFmpeg: M:\PYTHON\YT_DOWNLOADER3\assets/ffmpeg/ffmpeg.exe
2026-01-05 21:23:34 - services.ffmpeg_manager - INFO - 找到本地 FFmpeg: M:\PYTHON\YT_DOWNLOADER3\assets/ffmpeg/ffmpeg.exe
2026-01-05 21:26:34 - services.settings - INFO - 設定保存成功
2026-01-05 21:26:34 - root - INFO - 應用程式正常關閉
2026-01-05 21:32:18 - root - INFO - 應用程式啟動 - 版本 2.5.0
2026-01-05 21:32:18 - services.settings - INFO - 設定載入成功
2026-01-05 21:32:18 - services.settings - INFO - 設定載入成功
2026-01-05 21:32:18 - services.settings - INFO - 設定保存成功
2026-01-05 21:32:18 - services.settings - INFO - 設定載入成功
2026-01-05 21:32:18 - services.settings - INFO - 設定保存成功
2026-01-05 21:32:18 - services.settings - INFO - 設定載入成功
2026-01-05 21:32:18 - services.settings - INFO - 設定保存成功
2026-01-05 21:32:18 - services.settings - INFO - 設定載入成功
2026-01-05 21:32:18 - services.settings - INFO - 設定保存成功
2026-01-05 21:32:18 - services.settings - INFO - 設定載入成功
2026-01-05 21:32:18 - services.settings - INFO - 設定保存成功
2026-01-05 21:32:18 - services.settings - INFO - 設定載入成功
2026-01-05 21:32:18 - services.settings - INFO - 設定保存成功
2026-01-05 21:32:18 - services.settings - INFO - 設定載入成功
2026-01-05 21:32:18 - services.settings - INFO - 設定保存成功
2026-01-05 21:32:18 - services.settings - INFO - 設定載入成功
2026-01-05 21:32:18 - services.settings - INFO - 設定保存成功
2026-01-05 21:32:18 - services.settings - INFO - 設定載入成功
2026-01-05 21:32:18 - services.settings - INFO - 設定保存成功
2026-01-05 21:32:19 - services.settings - INFO - 設定載入成功
2026-01-05 21:32:19 - services.settings - INFO - 設定載入成功
2026-01-05 21:32:19 - services.settings - INFO - 設定保存成功
2026-01-05 21:32:19 - services.settings - INFO - 設定載入成功
2026-01-05 21:32:19 - services.settings - INFO - 設定保存成功
2026-01-05 21:32:19 - services.settings - INFO - 設定載入成功
2026-01-05 21:32:19 - services.settings - INFO - 設定保存成功
2026-01-05 21:32:19 - services.settings - INFO - 設定載入成功
2026-01-05 21:32:19 - services.settings - INFO - 設定保存成功
2026-01-05 21:32:19 - services.settings - INFO - 設定載入成功
2026-01-05 21:32:32 - services.settings - INFO - 設定載入成功
2026-01-05 21:32:32 - services.settings - INFO - 設定保存成功
2026-01-05 21:32:33 - services.settings - INFO - 設定載入成功
2026-01-05 21:32:33 - services.settings - INFO - 設定保存成功
2026-01-05 21:32:37 - services.ffmpeg_manager - INFO - 找到本地 FFmpeg: M:\PYTHON\YT_DOWNLOADER3\assets/ffmpeg/ffmpeg.exe
2026-01-05 21:32:37 - services.ffmpeg_manager - INFO - 找到本地 FFmpeg: M:\PYTHON\YT_DOWNLOADER3\assets/ffmpeg/ffmpeg.exe
2026-01-05 21:36:18 - services.settings - INFO - 設定保存成功
2026-01-05 21:36:18 - root - INFO - 應用程式正常關閉
